[www.everblue-industries.com/index.html]
[backblue.gif]
[fade.gif]
[index.html]
[www.everblue-industries.com/css/public.css]
[www.everblue-industries.com/css/slick.css]
[www.everblue-industries.com/images/favicon.ico]
[www.everblue-industries.com/UpLoadFile/20200601/481439f6-cbed-490b-9b85-7c174997718c.png]
[www.everblue-industries.com/images/menu.png]
[www.everblue-industries.com/images/tel.png]
[www.everblue-industries.com/images/search.png]
[www.everblue-industries.com/css/animate.css]
[www.everblue-industries.com/css/style.css]
[www.everblue-industries.com/honor.html]
[www.everblue-industries.com/about.html]
[www.everblue-industries.com/culture.html]
[www.everblue-industries.com/product/productdetail_15.html]
[www.everblue-industries.com/product/productdetail_14.html]
[www.everblue-industries.com/product/productdetail_12.html]
[www.everblue-industries.com/product/productdetail_13.html]
[www.everblue-industries.com/product/productdetail_16.html]
[www.everblue-industries.com/product/productdetail_18.html]
[www.everblue-industries.com/application/casesdetail_13.html]
[www.everblue-industries.com/product/productdetail_17.html]
[www.everblue-industries.com/application/index.html]
[www.everblue-industries.com/application/casesdetail_12.html]
[www.everblue-industries.com/application/casesdetail_11.html]
[www.everblue-industries.com/application/casesdetail_10.html]
[www.everblue-industries.com/application/casesdetail_9.html]
[www.everblue-industries.com/application/casesdetail_8.html]
[www.everblue-industries.com/application/casesdetail_7.html]
[www.everblue-industries.com/application/casesdetail_6.html]
[www.everblue-industries.com/application/casesdetail_5.html]
[www.everblue-industries.com/application/casesdetail_4.html]
[www.everblue-industries.com/application/casesdetail_3.html]
[www.everblue-industries.com/application/casesdetail_2.html]
[www.everblue-industries.com/service.html]
[www.everblue-industries.com/aftersales.html]
[www.everblue-industries.com/network.html]
[www.everblue-industries.com/UpLoadFile/20230908/999ef88c-5da2-4016-95f1-2ee76a3ab3ca.jpg]
[www.everblue-industries.com/contact.html]
[www.everblue-industries.com/UpLoadFile/20200601/59c11f1d-89fa-4656-9551-1286a893f7e0.jpg]
[www.everblue-industries.com/message.html]
[www.everblue-industries.com/faq/index.html]
[www.everblue-industries.com/download/index.html]
[www.everblue-industries.com/UpLoadFile/20230908/bf385e95-f4d4-40e1-9791-835b61ee9633.jpg]
[www.everblue-industries.com/news/index.html]
[www.everblue-industries.com/newsclass_6/index.html]
[www.everblue-industries.com/UpLoadFile/20230908/e763dc03-b019-49f3-8649-15b6c75758e3.jpg]
[www.everblue-industries.com/newsclass_3/index.html]
[www.everblue-industries.com/UpLoadFile/20200601/56b12de3-d694-49f0-a327-de2d9c7899dd.jpg]
[www.everblue-industries.com/newsclass_2/index.html]
[www.everblue-industries.com/UpLoadFile/20230908/216a1994-5f22-4fa9-a151-bf1449ed5ad8.jpg]
[www.everblue-industries.com/newsclass_2/newsdetail_1126.html]
[www.everblue-industries.com/newsclass_2/newsdetail_1125.html]
[www.everblue-industries.com/images/pro-arrow.png]
[www.everblue-industries.com/UpLoadFile/20210602/6bcf15b7-6fcc-4b58-9d76-f53dc2c53edf.png]
[www.everblue-industries.com/images/product-02.png]
[www.everblue-industries.com/images/product-03.png]
[www.everblue-industries.com/images/product-04.png]
[www.everblue-industries.com/images/product-05.png]
[www.everblue-industries.com/UpLoadFile/20200609/932c2246-8142-4421-8104-4256b6aa87c1.jpg]
[www.everblue-industries.com/UpLoadFile/20200609/0b6576cd-b2e6-4670-805c-8caf82cc139c.jpg]
[www.everblue-industries.com/UpLoadFile/20200609/0d73d976-bb10-4ba9-a9db-865308f4bd21.jpg]
[www.everblue-industries.com/UpLoadFile/20200609/3bc5847f-6d2c-4f6a-ba56-e703e4ca393a.jpg]
[www.everblue-industries.com/UpLoadFile/20200609/1496bd48-c602-438c-92da-f7f053a7f1ca.jpg]
[www.everblue-industries.com/UpLoadFile/20200609/f959c1ea-3323-4b37-a4ea-e2d18f691495.jpg]
[www.everblue-industries.com/UpLoadFile/20200609/8effd5c7-1632-4c82-beec-76b235b28d7d.jpg]
[www.everblue-industries.com/UpLoadFile/20200609/3bf644f8-424c-438d-9378-cc1e6f525fca.jpg]
[www.everblue-industries.com/UpLoadFile/20200609/88295f38-0ced-4b11-a8a3-7aec32470485.jpg]
[www.everblue-industries.com/UpLoadFile/20200609/32505185-b7ce-4167-b27c-dd158e1c9795.jpg]
[www.everblue-industries.com/UpLoadFile/20200609/56bca0e1-371f-4283-85e5-1c71169e568f.jpg]
[www.everblue-industries.com/UpLoadFile/20200609/9779179a-a315-499c-866a-dd4b93a2472d.jpg]
[www.everblue-industries.com/images/about-ico.png]
[www.everblue-industries.com/images/about-ico-2.png]
[www.everblue-industries.com/images/about-ico-3.png]
[www.everblue-industries.com/UpLoadFile/20231128/34fda543-5ad9-4436-a3ff-3b10ca9e4ed7.jpg]
[www.everblue-industries.com/newsclass_2/newsdetail_1124.html]
[www.everblue-industries.com/newsclass_6/newsdetail_1122.html]
[www.everblue-industries.com/UpLoadFile/20220714/7415582c-5988-411e-955b-78911835cba7.jpg]
[www.everblue-industries.com/newsclass_6/newsdetail_1120.html]
[www.everblue-industries.com/UpLoadFile/20220112/a6230f82-e6e7-4be3-bdaa-b714c9195cbd.jpg]
[www.everblue-industries.com/images/footer-ico.png]
[www.everblue-industries.com/images/footer-ico-07.png]
[www.everblue-industries.com/images/footer-ico-02.png]
[www.everblue-industries.com/images/footer-ico-03.png]
[www.everblue-industries.com/images/footer-ico-04.png]
[www.everblue-industries.com/images/footer-ico-05.png]
[www.everblue-industries.com/images/mail.png]
[www.everblue-industries.com/images/footer-ico-06.png]
[www.everblue-industries.com/UpLoadFile/20200612/4ded424f-df70-4cbe-ade9-45f1d0b882d5.jpg]
[www.everblue-industries.com/images/share-01.png]
[www.everblue-industries.com/images/share-02.png]
[www.everblue-industries.com/images/share-03.png]
[www.everblue-industries.com/images/close.png]
[www.everblue-industries.com/js/public.js]
[www.everblue-industries.com/js/wow.min.js]
[www.everblue-industries.com/js/slick.min.js]
[www.everblue-industries.com/index.html]
[bdimg.share.baidu.com/static/api/js/share6e53.js]
[www.everblue-industries.com/layer-v3.1.1/layer/layer.js]
[www.everblue-industries.com/js/jquery.min.js]
[tm.71360.com/tmb2bf.js]
[www.everblue-industries.com/fonts/gothamrounded-book.eot]
[www.everblue-industries.com/fonts/gothamrounded-bookd41d.eot]
[www.everblue-industries.com/fonts/gothamrounded-book.woff2]
[www.everblue-industries.com/fonts/gothamrounded-book.woff]
[www.everblue-industries.com/fonts/GothamRounded-Book.otf]
[www.everblue-industries.com/fonts/gothamrounded-book.ttf]
[www.everblue-industries.com/fonts/gothamrounded-book.svg]
[www.everblue-industries.com/fonts/itcavantgardepro-bk.eot]
[www.everblue-industries.com/fonts/itcavantgardepro-bkd41d.eot]
[www.everblue-industries.com/fonts/itcavantgardepro-bk.woff2]
[www.everblue-industries.com/fonts/itcavantgardepro-bk.woff]
[www.everblue-industries.com/fonts/itcavantgardepro-bk.ttf]
[www.everblue-industries.com/fonts/itcavantgardepro-bk.svg]
[www.everblue-industries.com/fonts/Walkway Condensed SemiBold.woff2]
[www.everblue-industries.com/fonts/Walkway Condensed SemiBold.woff]
[www.everblue-industries.com/fonts/Walkway Condensed SemiBold.ttf]
[www.everblue-industries.com/font/Walkway Condensed SemiBold.eot]
[www.everblue-industries.com/fonts/Walkway Condensed SemiBold.svg]
[www.everblue-industries.com/css/public.css]
[www.everblue-industries.com/css/slick.css]
[www.everblue-industries.com/css/animate.css]
[www.everblue-industries.com/fonts/DINPro-Light_0.woff2]
[www.everblue-industries.com/fonts/DINPro-Light_0.woff]
[www.everblue-industries.com/fonts/DINPro-Light_0.ttf]
[www.everblue-industries.com/fonts/DIN-BOLD.woff2]
[www.everblue-industries.com/fonts/DIN-BOLD.woff]
[www.everblue-industries.com/fonts/DIN-BOLD.ttf]
[www.everblue-industries.com/fonts/DINPro-Light_0.eot]
[www.everblue-industries.com/images/footer-bg.jpg]
[www.everblue-industries.com/fonts/DIN-BOLD.eot]
[www.everblue-industries.com/fonts/DIN-BOLD.svg]
[www.everblue-industries.com/images/dian.png]
[www.everblue-industries.com/images/dian-hover.png]
[www.everblue-industries.com/images/arrow-left.png]
[www.everblue-industries.com/images/arrow-right.png]
[www.everblue-industries.com/images/application-bg.png]
[www.everblue-industries.com/images/bg.png]
[www.everblue-industries.com/images/histroy-line.jpg]
[www.everblue-industries.com/images/news-bg.png]
[www.everblue-industries.com/images/arrow-3.png]
[www.everblue-industries.com/images/dowland-01.png]
[www.everblue-industries.com/images/dowland-03.png]
[www.everblue-industries.com/images/dowland-02.png]
[www.everblue-industries.com/images/map-bg.jpg]
[www.everblue-industries.com/fonts/DINPro-Light_0.svg]
[www.everblue-industries.com/images/product-ico.png]
[www.everblue-industries.com/images/sj.png]
[www.everblue-industries.com/images/ie_sosad.png]
[www.everblue-industries.com/images/closed.png]
[www.everblue-industries.com/css/style.css]
[www.everblue-industries.com/UpLoadFile/20200610/dd6352d6-642e-4b4f-8c92-9b284f1bb13b.jpg]
[www.everblue-industries.com/UpLoadFile/20200610/5c580cbf-7091-4387-8fac-f0cf7d42c2da.jpg]
[www.everblue-industries.com/UpLoadFile/20200601/16c042ec-c592-4231-8fb4-1ed93875e8cd.jpg]
[www.everblue-industries.com/UpLoadFile/20200601/916743bd-314a-45e7-9168-7f91eee2ff35.jpg]
[www.everblue-industries.com/images/inside-current.png]
[www.everblue-industries.com/images/about-01.jpg]
[www.everblue-industries.com/UpLoadFile/20200902/c9e84d00-513d-420f-a37e-60f81e81f465.jpg]
[www.everblue-industries.com/about.html]
[www.everblue-industries.com/images/nopic.91.delayed]
[www.everblue-industries.com/UpLoadFile/20240809/436dc620-f151-446a-b8ec-8368bfda68ac.jpg]
[www.everblue-industries.com/UpLoadFile/20230703/e84b9bc6-1883-4267-815e-0bffac2328b9.jpg]
[www.everblue-industries.com/UpLoadFile/20230628/7622bc01-7c30-4730-b9b9-d9d2c0116fd6.jpg]
[www.everblue-industries.com/UpLoadFile/20230628/18fc0776-6127-45a0-9a39-c71687c0ca42.jpg]
[www.everblue-industries.com/UpLoadFile/20250925/d15283f7-e81d-4962-afc5-debc384fc3f4.jpg]
[www.everblue-industries.com/UpLoadFile/20250925/1b1f979d-240c-4ac0-800a-4b48cc8b6c98.jpg]
[www.everblue-industries.com/UpLoadFile/20250925/2fcf9754-18e8-4d3a-b3c0-4d9dd4a2239f.jpg]
[www.everblue-industries.com/UpLoadFile/20250925/ef88524b-9137-45a9-9310-f945e946229c.jpg]
[www.everblue-industries.com/UpLoadFile/20220905/50527e1b-130b-440d-b4f6-584a4b36233f.jpg]
[www.everblue-industries.com/UpLoadFile/20220905/31b2c77d-6443-4b8d-9689-65c6c3756cb4.jpg]
[www.everblue-industries.com/UpLoadFile/20220905/2dfe6a68-9015-482f-9d1f-0c3d5c7eaf93.jpg]
[www.everblue-industries.com/UpLoadFile/20220905/47c895b4-ca32-4ec4-80f0-fe16863b3dc5.jpg]
[www.everblue-industries.com/UpLoadFile/20220905/e653d20f-32cc-48a0-925a-67bb24f071d2.jpg]
[www.everblue-industries.com/UpLoadFile/20220905/c8e0c074-ab52-4475-aa7e-e4626026356a.jpg]
[www.everblue-industries.com/UpLoadFile/20220905/c10fdb6e-3673-412e-b4f2-027895c18318.jpg]
[www.everblue-industries.com/UpLoadFile/20220905/74ae8e6a-b32d-4e89-b19a-634c3e50e088.jpg]
[www.everblue-industries.com/UpLoadFile/20220905/6dfe5496-d3f6-4f2a-bf92-0fc6f8e03a12.jpg]
[www.everblue-industries.com/UpLoadFile/20220905/cc59f9e2-ba0d-4b8f-8ecb-6678bd7db6da.jpg]
[www.everblue-industries.com/UpLoadFile/20220905/9011462f-358b-45e1-974e-65ac78723715.jpg]
[www.everblue-industries.com/UpLoadFile/20220905/dc57f9ec-f129-4599-b56a-a6d0214c478b.jpg]
[www.everblue-industries.com/UpLoadFile/20230607/8209f3ac-b020-47df-b582-290dc464fa98.jpg]
[www.everblue-industries.com/UpLoadFile/20230607/063b3b28-a9bd-462e-9022-38c4f5a2dc9f.jpg]
[www.everblue-industries.com/UpLoadFile/20230607/378a3724-d8e1-462c-97d2-6b1c0e261cc7.jpg]
[www.everblue-industries.com/UpLoadFile/20230607/d4a06554-d429-4206-818b-1654c0a66240.jpg]
[www.everblue-industries.com/honor.html]
[www.everblue-industries.com/UpLoadFile/20200610/3b7ba8ed-57b0-4993-9af0-806d82cc42ec.jpg]
[www.everblue-industries.com/UpLoadFile/20200610/e642af24-109c-4924-9a0d-3e90447098e9.jpg]
[www.everblue-industries.com/images/culture-01.jpg]
[www.everblue-industries.com/images/culture-02.jpg]
[www.everblue-industries.com/images/culture-03.jpg]
[www.everblue-industries.com/images/culture-04.jpg]
[www.everblue-industries.com/culture.html]
[www.everblue-industries.com/UpLoadFile/20200601/6236d5b1-3d01-4159-b196-cbf415374a94.jpg]
[www.everblue-industries.com/UpLoadFile/20200601/40882c1e-0810-42b1-ba35-9c157ec33700.jpg]
[www.everblue-industries.com/UpLoadFile/20210602/b6641ba3-6e4b-4ba5-a648-936f51cd01f1.png]
[www.everblue-industries.com/images/pro-ico.jpg]
[www.everblue-industries.com/images/proshow-01.png]
[www.everblue-industries.com/images/proshow-ico.png]
[www.everblue-industries.com/images/proshow-02.png]
[www.everblue-industries.com/images/proshow-03.png]
[www.everblue-industries.com/images/proshow-04.png]
[www.everblue-industries.com/images/proshow-05.png]
[www.everblue-industries.com/images/proshow-06.png]
[www.everblue-industries.com/images/proshow-07.png]
[www.everblue-industries.com/images/proshow-08.png]
[www.everblue-industries.com/images/proshow-09.png]
[www.everblue-industries.com/images/proshow-10.png]
[www.everblue-industries.com/images/proshow-11.png]
[www.everblue-industries.com/images/news-ico-4.png]
[www.everblue-industries.com/UpLoadFile/20230908/f9ea0032-400f-4bc0-af64-8b03065d5a23.png]
[www.everblue-industries.com/UpLoadFile/20250908/8a1818d5-27b9-42d5-a5c5-cd63c0c82b6f.png]
[www.everblue-industries.com/UpLoadFile/20201028/8337dbef-67f8-4303-bf00-6a031054d4bd.png]
[www.everblue-industries.com/product/productdetail_15.html]
[www.everblue-industries.com/UpLoadFile/20230908/a4dd82f5-558c-4916-bbc1-6384dc98317b.png]
[www.everblue-industries.com/UpLoadFile/20230605/30d2add5-adbb-46fa-83e0-694cff7afff9.png]
[www.everblue-industries.com/UpLoadFile/20250908/33d496e8-debe-4bbb-b094-6eedd16c51f3.png]
[www.everblue-industries.com/product/productdetail_12.html]
[www.everblue-industries.com/UpLoadFile/20201028/eb184c03-9564-4e00-abda-d4bab50da1a0.png]
[www.everblue-industries.com/UpLoadFile/20210629/89ff8a40-6c05-40ad-b5ec-4b35dae6be38.png]
[www.everblue-industries.com/product/productdetail_14.html]
[www.everblue-industries.com/UpLoadFile/20250908/3ff2a5fb-905e-473d-ad56-259b70a4ee38.png]
[www.everblue-industries.com/product/productdetail_13.html]
[www.everblue-industries.com/UpLoadFile/20250908/ad33baff-96f7-4659-8f00-1439f1807687.png]
[www.everblue-industries.com/product/productdetail_18.html]
[www.everblue-industries.com/UpLoadFile/20210629/7f27b484-313f-4452-b033-1e7e5afe983d.png]
[www.everblue-industries.com/UpLoadFile/20210629/15dda23f-d4b4-46b4-bedd-2980df41bae5.jpg]
[www.everblue-industries.com/UpLoadFile/20210629/0457689d-59c3-45b3-a45d-c9541aa12e0d.jpg]
[www.everblue-industries.com/product/productdetail_16.html]
[www.everblue-industries.com/UpLoadFile/20230605/fdded476-dc59-4d85-b8bf-484e2b48aaab.png]
[www.everblue-industries.com/product/productdetail_17.html]
[www.everblue-industries.com/UpLoadFile/20200601/58dee81c-08e3-4342-a6dd-40914a19665e.jpg]
[www.everblue-industries.com/UpLoadFile/20200601/76f9b534-27d1-4174-a67c-a56f66e45e9c.jpg]
[www.everblue-industries.com/application/index.html]
[www.everblue-industries.com/UpLoadFile/20200609/c7b08ba2-e62d-4507-9cb7-47e29e718877.jpg]
[www.everblue-industries.com/UpLoadFile/20200609/f6df2fa5-eac6-46fc-a455-085a38bd7642.jpg]
[www.everblue-industries.com/application/casesdetail_13.html]
[www.everblue-industries.com/UpLoadFile/20200612/743dcdab-0c18-43cd-904f-a36d13e51933.jpg]
[www.everblue-industries.com/UpLoadFile/20200612/91ece268-892d-4926-9285-5d5d4c2f83f3.jpg]
[www.everblue-industries.com/application/casesdetail_12.html]
[www.everblue-industries.com/UpLoadFile/20200609/02fc3d82-f4f5-4a8a-b602-94a7b2493e2d.jpg]
[www.everblue-industries.com/UpLoadFile/20200609/0cd74f5c-5ef2-4a28-81f2-ed810d17fe36.jpg]
[www.everblue-industries.com/application/casesdetail_11.html]
[www.everblue-industries.com/UpLoadFile/20200609/3a653109-db9a-4a07-84c3-1228eda169d8.jpg]
[www.everblue-industries.com/UpLoadFile/20200609/96c80a22-e065-459f-b23d-a0555230961b.jpg]
[www.everblue-industries.com/application/casesdetail_10.html]
[www.everblue-industries.com/UpLoadFile/20200609/e066f1fa-fd6d-4a6b-ae1d-eacc701e4725.jpg]
[www.everblue-industries.com/UpLoadFile/20200609/e7a432ef-a8f9-43ef-989a-b59ccb8667cf.jpg]
[www.everblue-industries.com/application/casesdetail_9.html]
[www.everblue-industries.com/UpLoadFile/20200609/68bdb012-f7ee-45b6-b283-8ad6806be2ca.jpg]
[www.everblue-industries.com/UpLoadFile/20200609/849f874b-cd15-4070-a7f6-86c115ae41e4.jpg]
[www.everblue-industries.com/application/casesdetail_8.html]
[www.everblue-industries.com/UpLoadFile/20200609/61744dc1-ba7d-499e-8208-565016cde82e.jpg]
[www.everblue-industries.com/UpLoadFile/20200609/cd645f76-830a-48cd-9102-6923a4a214ae.jpg]
[www.everblue-industries.com/application/casesdetail_7.html]
[www.everblue-industries.com/newsclass_3/newsdetail_46.html]
[www.everblue-industries.com/UpLoadFile/20200609/14e00168-29b0-43f8-a9cd-7dca12cb5519.jpg]
[www.everblue-industries.com/UpLoadFile/20200609/e0c95626-9f2f-4d9a-8438-4438a9439f84.jpg]
[www.everblue-industries.com/application/casesdetail_6.html]
[www.everblue-industries.com/UpLoadFile/20200609/94a4a5a3-35fe-4b07-930b-6e7caf2e9ee2.jpg]
[www.everblue-industries.com/UpLoadFile/20200609/f96d6810-6442-4417-bde9-b96656be940b.jpg]
[www.everblue-industries.com/newsclass_2/newsdetail_50.html]
[www.everblue-industries.com/application/casesdetail_5.html]
[www.everblue-industries.com/UpLoadFile/20200609/166aa62a-3a35-4565-b90f-538c38761f50.jpg]
[www.everblue-industries.com/UpLoadFile/20200609/f53debdd-5134-48db-b9fb-0f1773a876a9.jpg]
[www.everblue-industries.com/application/casesdetail_4.html]
[www.everblue-industries.com/UpLoadFile/20200609/9b64b652-7cb8-4ca8-9031-1fdbb7606aa4.jpg]
[www.everblue-industries.com/UpLoadFile/20200609/3cb02867-77e6-46a7-b5a8-b3d7fbffc74e.jpg]
[www.everblue-industries.com/application/casesdetail_3.html]
[www.everblue-industries.com/UpLoadFile/20200609/9699d405-170d-4ee4-8e32-127287dc4b4b.jpg]
[www.everblue-industries.com/UpLoadFile/20200609/91710dfe-c84e-4598-b34b-e8edc3d38d94.jpg]
[www.everblue-industries.com/newsclass_2/newsdetail_44.html]
[www.everblue-industries.com/application/casesdetail_2.html]
[www.everblue-industries.com/UpLoadFile/20200610/3ce9818c-4878-4fc8-af9e-c87b3a0173e3.jpg]
[www.everblue-industries.com/UpLoadFile/20200610/e9cec0ad-3b67-4db0-9999-19ef6010c831.jpg]
[www.everblue-industries.com/js/onlineMessage1.js]
[www.everblue-industries.com/service.html]
[www.everblue-industries.com/product/productdetail_1.html]
[www.everblue-industries.com/faq/index.html]
[www.everblue-industries.com/faq/faq_2.html]
[www.everblue-industries.com/images/sh-01.png]
[www.everblue-industries.com/images/sh-02.png]
[www.everblue-industries.com/images/sh-03.png]
[www.everblue-industries.com/images/sh-04.png]
[www.everblue-industries.com/images/sh-05.png]
[www.everblue-industries.com/images/sh-06.png]
[www.everblue-industries.com/images/sh-07.png]
[www.everblue-industries.com/aftersales.html]
[www.everblue-industries.com/images/map-01.png]
[www.everblue-industries.com/images/ph-map.jpg]
[www.everblue-industries.com/network.html]
[www.everblue-industries.com/images/close-2.png]
[www.everblue-industries.com/js/OnLineAdvisory.js]
[www.everblue-industries.com/download/index.html]
[www.everblue-industries.com/UpLoadFile/20200609/ae1c3e67-006e-4b3d-947a-27af23e5f19d.jpg]
[www.everblue-industries.com/UpLoadFile/20200609/a042db43-a8a6-411d-8989-4620e36e0637.jpg]
[www.everblue-industries.com/images/arrow-2.png]
[www.everblue-industries.com/UpLoadFile/20250925/5137d244-641e-4c52-b880-d156b8543144.jpg]
[www.everblue-industries.com/UpLoadFile/20250925/73c5856d-3535-4c83-8464-a90b72ecda79.jpg]
[www.everblue-industries.com/newsclass_3/newsdetail_1121.html]
[www.everblue-industries.com/UpLoadFile/20220613/c649bb42-c969-48f1-b86b-d19211c25807.jpg]
[www.everblue-industries.com/newsclass_3/newsdetail_1113.html]
[www.everblue-industries.com/UpLoadFile/20211123/9ccf106b-b684-4e4b-a3a6-c76166639bf8.jpg]
[www.everblue-industries.com/UpLoadFile/20211123/23d5a0d6-ab05-4e8d-9b79-3c0b44adcadb.jpg]
[www.everblue-industries.com/newsclass_3/newsdetail_1112.html]
[www.everblue-industries.com/newsclass_3/newsdetail_1114.html]
[www.everblue-industries.com/UpLoadFile/20211123/80c2963c-920b-45c4-ae2f-d695a6420a3b.jpg]
[www.everblue-industries.com/newsclass_3/newsdetail_1115.html]
[www.everblue-industries.com/UpLoadFile/20211123/d289a12d-cc5d-4736-b87e-afd371ee7891.jpg]
[www.everblue-industries.com/news/news_2.html]
[www.everblue-industries.com/news/news_3.html]
[www.everblue-industries.com/news/news_4.html]
[www.everblue-industries.com/news/news_5.html]
[www.everblue-industries.com/news/news_7.html]
[www.everblue-industries.com/news/news_6.html]
[www.everblue-industries.com/news/index.html]
[www.everblue-industries.com/news/news_8.html]
[www.everblue-industries.com/news/news_10.html]
[www.everblue-industries.com/UpLoadFile/20201022/b926c374-dac3-422b-956b-75a5fe806c68.jpg]
[www.everblue-industries.com/news/news_9.html]
[www.everblue-industries.com/newsclass_6/newsdetail_46.html]
[www.everblue-industries.com/UpLoadFile/20200917/b08b78e6-5757-4542-8be0-423139a959b2.jpg]
[www.everblue-industries.com/newsclass_6/newsdetail_40.html]
[www.everblue-industries.com/UpLoadFile/20200916/94d68759-daa9-4ec0-bd17-063086e03358.jpg]
[www.everblue-industries.com/newsclass_6/newsdetail_39.html]
[www.everblue-industries.com/UpLoadFile/20200803/d28d9836-46a4-40c4-8c0f-9e3bcbee2da0.jpg]
[www.everblue-industries.com/newsclass_6/index.html]
[www.everblue-industries.com/newsclass_6/newsdetail_25.html]
[www.everblue-industries.com/UpLoadFile/20211123/20edd136-8cc2-4e13-914f-1a8b9357e02b.jpg]
[www.everblue-industries.com/newsclass_3/newsdetail_1116.html]
[www.everblue-industries.com/UpLoadFile/20211123/406e5872-04ff-4767-9398-ce350c4106d6.jpg]
[www.everblue-industries.com/newsclass_3/newsdetail_1117.html]
[www.everblue-industries.com/UpLoadFile/20211123/6ffaf7d2-0840-446e-abc0-de46b048a4fa.jpg]
[www.everblue-industries.com/newsclass_3/newsdetail_1118.html]
[www.everblue-industries.com/newsclass_3/newsdetail_1080.html]
[www.everblue-industries.com/UpLoadFile/20210121/f952e60e-fc50-4056-a91a-eb09d49c8529.jpg]
[www.everblue-industries.com/newsclass_3/index.html]
[www.everblue-industries.com/UpLoadFile/20230608/fb5b4a31-d574-47e1-b1b0-dc5241c1def8.jpg]
[www.everblue-industries.com/newsclass_2/newsdetail_1123.html]
[www.everblue-industries.com/UpLoadFile/20211227/c19d72b2-4141-41ee-b9ab-e49203aeb087.jpg]
[www.everblue-industries.com/newsclass_2/newsdetail_1119.html]
[www.everblue-industries.com/newsclass_2/newsdetail_1109.html]
[www.everblue-industries.com/UpLoadFile/20211111/25d4ff43-b80f-45c9-826f-8b50a34ea17c.jpg]
[www.everblue-industries.com/UpLoadFile/20210819/8124e5b1-8d2e-4056-b723-c27e2a4c7c33.jpg]
[www.everblue-industries.com/newsclass_2/newsdetail_1097.html]
[www.everblue-industries.com/UpLoadFile/20210811/097beda8-3563-42c5-9236-dcddd8c010c0.jpg]
[www.everblue-industries.com/newsclass_2/newsdetail_1096.html]
[www.everblue-industries.com/UpLoadFile/20210708/dc7d09b8-91e5-47e3-8658-a78bda16159d.jpg]
[www.everblue-industries.com/newsclass_2/newsdetail_1095.html]
[www.everblue-industries.com/UpLoadFile/20210616/8fcede13-b5e9-4a8f-9790-3195be306d62.jpg]
[www.everblue-industries.com/newsclass_2/newsdetail_1094.html]
[www.everblue-industries.com/newsclass_2/newsclass_2_2.html]
[www.everblue-industries.com/newsclass_2/newsclass_2_3.html]
[www.everblue-industries.com/newsclass_2/newsclass_2_4.html]
[www.everblue-industries.com/newsclass_2/newsclass_2_5.html]
[www.everblue-industries.com/newsclass_2/index.html]
[www.everblue-industries.com/newsclass_2/newsclass_2_6.html]
[www.everblue-industries.com/newsclass_2/newsclass_2_7.html]
[www.everblue-industries.com/UpLoadFile/20200601/f16dfa2e-8d5d-427a-8f88-ab9f547739b2.jpg]
[www.everblue-industries.com/UpLoadFile/20200601/3f4c4e7e-f858-4dab-b374-4cff5af673e9.jpg]
[www.everblue-industries.com/newsclass_2/newsclass_2_8.html]
[www.everblue-industries.com/images/contact-01.png]
[www.everblue-industries.com/images/contact-02.png]
[www.everblue-industries.com/images/mail-2.png]
[www.everblue-industries.com/images/contact-03.png]
[www.everblue-industries.com/contact.html]
[www.everblue-industries.com/message.html]
[www.everblue-industries.com/images/news-ico-2.png]
[www.everblue-industries.com/js/onlineMessage.js]
[www.everblue-industries.com/images/news-ico-3.png]
[www.everblue-industries.com/UpLoadFile/20250925/91e980d9-1894-4985-8572-1ac49dfcd5ae.jpg]
[www.everblue-industries.com/UpLoadFile/20250925/2cbf6962-bfc2-4a23-ae64-ffae218bdc3a.jpg]
[www.everblue-industries.com/UpLoadFile/20250925/88828c52-ad6c-4ff4-b3fa-c37884363821.jpg]
[www.everblue-industries.com/UpLoadFile/20250925/36a96059-08ae-4caa-9c21-21c589f7b3ed.jpg]
[www.everblue-industries.com/UpLoadFile/20250925/f68830a7-eeeb-4997-85e1-8f25c0d95ec7.jpg]
[www.everblue-industries.com/UpLoadFile/20250925/57c737c7-eea2-4d03-95b6-1024b794264f.jpg]
[www.everblue-industries.com/UpLoadFile/20231128/508addf0-f7af-4eec-acfb-b2f8971e1e39.jpg]
[www.everblue-industries.com/huan_jing_guan_li_ti_xi/index.html]
[www.everblue-industries.com/newsclass_2/newsdetail_1067.html]
[www.everblue-industries.com/zhi_ye_jian_kang_an_quan_guan_li_ti_xi/index.html]
[www.everblue-industries.com/newsclass_2/newsdetail_22.html]
[www.everblue-industries.com/ren_zheng/index.html]
[www.everblue-industries.com/newsclass_2/newsdetail_29.html]
[www.everblue-industries.com/hao_qing_qi_ti_zhuang_bei/index.html]
[www.everblue-industries.com/newsclass_2/newsdetail_1068.html]
[www.everblue-industries.com/newsclass_2/newsdetail_1089.html]
[www.everblue-industries.com/newsclass_2/newsdetail_1126.html]
[www.everblue-industries.com/newsclass_2/newsdetail_1072.html]
[www.everblue-industries.com/UpLoadFile/20240920/6a64a1cb-4e3e-4b09-8293-7bf53b8488e2.jpg]
[www.everblue-industries.com/newsclass_2/newsdetail_30.html]
[www.everblue-industries.com/UpLoadFile/20240920/060189ee-da59-476a-b6f7-09e5c0d301f1.jpg]
[www.everblue-industries.com/UpLoadFile/20240920/51118703-bb62-4dfa-a2d6-a27977204b9f.jpg]
[www.everblue-industries.com/newsclass_2/newsdetail_33.html]
[www.everblue-industries.com/newsclass_2/newsdetail_1085.html]
[www.everblue-industries.com/luo_gan_zhen_kong_beng/index.html]
[www.everblue-industries.com/newsclass_2/newsdetail_1086.html]
[www.everblue-industries.com/han_tai_lun_tai/index.html]
[www.everblue-industries.com/newsclass_2/newsdetail_63.html]
[www.everblue-industries.com/newsclass_2/newsdetail_1125.html]
[www.everblue-industries.com/UpLoadFile/20231128/2c62c567-d764-4b0f-a18b-d60a00a010a3.jpg]
[www.everblue-industries.com/newsclass_2/newsdetail_1063.html]
[www.everblue-industries.com/UpLoadFile/20231128/403c940f-3e52-49e8-905a-8b11ee867658.jpg]
[www.everblue-industries.com/newsclass_2/newsdetail_41.html]
[www.everblue-industries.com/UpLoadFile/20231128/90f296c9-5249-43a3-9a44-69683a358c5e.jpg]
[www.everblue-industries.com/newsclass_2/newsdetail_13.html]
[www.everblue-industries.com/newsclass_2/newsdetail_1075.html]
[www.everblue-industries.com/gao_xin_ji_shu_qi_ye/index.html]
[www.everblue-industries.com/newsclass_2/newsdetail_1070.html]
[www.everblue-industries.com/newsclass_2/newsdetail_1124.html]
[www.everblue-industries.com/UpLoadFile/20220714/3ad6ad44-2abf-41d9-acb1-2674481186aa.jpg]
[www.everblue-industries.com/newsclass_2/newsdetail_61.html]
[www.everblue-industries.com/UpLoadFile/20220714/c8501739-c225-401f-8a33-41654de81152.jpg]
[www.everblue-industries.com/newsclass_6/newsdetail_1122.html]
[www.everblue-industries.com/juan_yan_chang/index.html]
[www.everblue-industries.com/UpLoadFile/20220112/225ef00f-c115-4ca9-925c-6a7ab8fd28c3.jpg]
[www.everblue-industries.com/zhen_kong_beng/index.html]
[www.everblue-industries.com/UpLoadFile/20220112/116565fb-50f1-472c-ba76-e46ee8b51180.jpg]
[www.everblue-industries.com/newsclass_6/newsdetail_1120.html]
[www.everblue-industries.com/QQ/ServiceQQ.html]
[www.everblue-industries.com/fonts/gothamrounded-book.html]
[www.everblue-industries.com/fonts/gothamrounded-bookd41d.html]
[www.everblue-industries.com/fonts/gothamrounded-book-2.html]
[www.everblue-industries.com/fonts/gothamrounded-book-3.html]
[www.everblue-industries.com/fonts/GothamRounded-Book-4.html]
[www.everblue-industries.com/fonts/gothamrounded-book-5.html]
[www.everblue-industries.com/fonts/gothamrounded-book-6.html]
[www.everblue-industries.com/fonts/itcavantgardepro-bk.html]
[www.everblue-industries.com/fonts/itcavantgardepro-bkd41d.html]
[www.everblue-industries.com/fonts/itcavantgardepro-bk-2.html]
[www.everblue-industries.com/fonts/itcavantgardepro-bk-3.html]
[www.everblue-industries.com/fonts/itcavantgardepro-bk-4.html]
[www.everblue-industries.com/fonts/itcavantgardepro-bk-5.html]
[www.everblue-industries.com/fonts/Walkway Condensed SemiBold.html]
[www.everblue-industries.com/fonts/Walkway Condensed SemiBold-2.html]
[www.everblue-industries.com/fonts/Walkway Condensed SemiBold-3.html]
[www.everblue-industries.com/font/Walkway Condensed SemiBold.html]
[www.everblue-industries.com/fonts/Walkway Condensed SemiBold-4.html]
[www.everblue-industries.com/fonts/DINPro-Light_0.svg]
[www.everblue-industries.com/fonts/DIN-BOLD.svg]
[www.everblue-industries.com/images/nopic.html]
[www.everblue-industries.com/UpLoadFile/20201022/080c4aea-3b9c-4db0-9a6b-16b92e913564.jpg]
[www.everblue-industries.com/hai_wai_shi_chang/index.html]
[www.everblue-industries.com/UpLoadFile/20201022/ce53759d-2b9b-4427-b82a-757638823b8f.jpg]
[www.everblue-industries.com/UpLoadFile/20201022/68412c15-4cbc-445c-87f8-c75ea97b4c55.jpg]
[www.everblue-industries.com/newsclass_3/newsdetail_40.html]
[www.everblue-industries.com/newsclass_3/newsdetail_39.html]
[www.everblue-industries.com/mu_qi_jia_gong/index.html]
[www.everblue-industries.com/newsclass_3/newsdetail_1122.html]
[www.everblue-industries.com/mu_gong_kai_liao_ji/index.html]
[www.everblue-industries.com/newsclass_3/newsdetail_1120.html]
[www.everblue-industries.com/newsclass_3/newsdetail_46.html]
[www.everblue-industries.com/UpLoadFile/20201103/39bdf7e3-0e1f-4619-9c3e-2536069e1d4b.jpg]
[www.everblue-industries.com/newsclass_3/newsdetail_25.html]
[www.everblue-industries.com/UpLoadFile/20201103/bb9eb6d4-94a2-4840-bfaf-549e65e9a4e7.jpg]
[www.everblue-industries.com/UpLoadFile/20201103/aebd11ac-44ae-4684-be5c-32c8d72a3cf5.jpg]
[www.everblue-industries.com/newsclass_2/newsdetail_51.html]
[www.everblue-industries.com/newsclass_2/newsdetail_49.html]
[www.everblue-industries.com/zhong_yang_zhen_kong_xi_tong/index.html]
[www.everblue-industries.com/newsclass_2/newsdetail_32.html]
[www.everblue-industries.com/zhuan_zi_ye_pian/index.html]
[www.everblue-industries.com/newsclass_2/newsdetail_50.html]
[www.everblue-industries.com/newsclass_2/newsdetail_60.html]
[www.everblue-industries.com/UpLoadFile/20201014/1807929f-372b-45e9-ba9c-6ab137954842.jpg]
[www.everblue-industries.com/UpLoadFile/20201014/efb462ae-8c1d-42b9-9e80-6f4ccbe1064b.jpg]
[www.everblue-industries.com/sheng_chan_jie_neng/index.html]
[www.everblue-industries.com/newsclass_2/newsdetail_1081.html]
[www.everblue-industries.com/newsclass_2/newsdetail_45.html]
[www.everblue-industries.com/newsclass_2/newsdetail_43.html]
[www.everblue-industries.com/newsclass_2/newsdetail_1066.html]
[www.everblue-industries.com/gao_kong_huan_jing_mo_ni/index.html]
[www.everblue-industries.com/fang_zhen_ce_shi/index.html]
[www.everblue-industries.com/newsclass_2/newsdetail_24.html]
[www.everblue-industries.com/newsclass_2/newsdetail_44.html]
[www.everblue-industries.com/newsclass_2/newsdetail_54.html]
[www.everblue-industries.com/UpLoadFile/20200611/6ba6668c-05f3-40a2-a7df-8deaa240c5b0.png]
[www.everblue-industries.com/product/productdetail_1.html]
[www.everblue-industries.com/faq/faq_2.html]
[www.everblue-industries.com/UpLoadFile/20220613/fef942b3-1f43-40f4-85be-5f5435940271.jpg]
[www.everblue-industries.com/newsclass_2/newsdetail_1065.html]
[www.everblue-industries.com/newsclass_3/newsdetail_1121.html]
[www.everblue-industries.com/yan_cao_gong_ye/index.html]
[www.everblue-industries.com/ke_hu_an_li/index.html]
[www.everblue-industries.com/UpLoadFile/20211123/c3f930cc-e3ed-4091-8084-6f95cc356896.jpg]
[www.everblue-industries.com/UpLoadFile/20211123/04357c26-47c5-4bd4-8037-d815e72206d7.jpg]
[www.everblue-industries.com/UpLoadFile/20211123/cba121d3-cac0-408d-9c66-187faf1c101a.jpg]
[www.everblue-industries.com/newsclass_3/newsdetail_1113.html]
[www.everblue-industries.com/dian_zi/index.html]
[www.everblue-industries.com/ban_dao_ti/index.html]
[www.everblue-industries.com/UpLoadFile/20211123/98390cfd-58f5-4bbb-a4a1-63cd82e88449.jpg]
[www.everblue-industries.com/UpLoadFile/20211123/e614ed99-c3ad-4e81-8eb5-e8ff4cae2950.jpg]
[www.everblue-industries.com/newsclass_3/newsdetail_1112.html]
[www.everblue-industries.com/UpLoadFile/20211123/7c7ba5cf-327e-405e-9249-7897fb52927d.jpg]
[www.everblue-industries.com/UpLoadFile/20211123/950a1df3-768a-4669-b7a7-de4f7ac6a695.jpg]
[www.everblue-industries.com/newsclass_3/newsdetail_1114.html]
[www.everblue-industries.com/jing_mi_jia_gong/index.html]
[www.everblue-industries.com/UpLoadFile/20211123/0f672dae-4fb1-48fd-8e91-ac47af885eb0.jpg]
[www.everblue-industries.com/UpLoadFile/20211123/59ea99e9-5c80-4477-973c-b3b334f618ba.jpg]
[www.everblue-industries.com/newsclass_3/newsdetail_1115.html]
[www.everblue-industries.com/mu_gong_jia_ju/index.html]
[www.everblue-industries.com/news/news_2.html]
[www.everblue-industries.com/newsclass_2/newsdetail_1093.html]
[www.everblue-industries.com/UpLoadFile/20210602/85453c0f-0d10-490f-9d7c-66e5d94a1f0b.jpg]
[www.everblue-industries.com/newsclass_2/newsdetail_1092.html]
[www.everblue-industries.com/UpLoadFile/20210513/9e39c7de-82d6-4d06-acec-35e26772aedb.jpg]
[www.everblue-industries.com/newsclass_2/newsdetail_1091.html]
[www.everblue-industries.com/UpLoadFile/20210414/e2629ed4-59dd-4d67-ad47-0c018e9ea2fa.jpg]
[www.everblue-industries.com/news/news_3.html]
[www.everblue-industries.com/UpLoadFile/20210203/63be39ec-64cd-48f9-bf91-00e1be8eeab9.jpg]
[www.everblue-industries.com/UpLoadFile/20210129/f741a4de-1161-4f9c-b0f8-3dd0ec4aa8b4.jpg]
[www.everblue-industries.com/UpLoadFile/20210126/cfcf989a-3687-4009-a669-eb91a2603c35.jpg]
[www.everblue-industries.com/newsclass_2/newsdetail_1082.html]
[www.everblue-industries.com/UpLoadFile/20210119/610bae75-5e33-4fa4-b76a-6dc7e3d45687.jpg]
[www.everblue-industries.com/newsclass_2/newsdetail_1079.html]
[www.everblue-industries.com/UpLoadFile/20210113/662ba2d8-ac4f-44b3-b12f-4795fa9a3e7a.jpg]
[www.everblue-industries.com/newsclass_2/newsdetail_1078.html]
[www.everblue-industries.com/newsclass_2/newsdetail_1077.html]
[www.everblue-industries.com/UpLoadFile/20210111/e1976b0e-c23f-495e-a588-8591356b0447.jpg]
[www.everblue-industries.com/UpLoadFile/20210105/3c6736a6-1b9f-4664-a757-0e3d8f1ba8cc.jpg]
[www.everblue-industries.com/newsclass_2/newsdetail_1076.html]
[www.everblue-industries.com/UpLoadFile/20201229/7e18aefd-17d6-40d2-91c2-829d3f0be404.jpg]
[www.everblue-industries.com/newsclass_2/newsdetail_1074.html]
[www.everblue-industries.com/UpLoadFile/20201224/cb4d732d-0c22-42f8-a698-7d971f0c399b.jpg]
[www.everblue-industries.com/news/news_4.html]
[www.everblue-industries.com/newsclass_2/newsdetail_1073.html]
[www.everblue-industries.com/UpLoadFile/20201223/9f28bd2a-f68c-4a49-a2c7-f0c4326a205a.jpg]
[www.everblue-industries.com/UpLoadFile/20201221/dbdd9624-93b0-4787-b1fa-0f2f4fa74f4b.jpg]
[www.everblue-industries.com/UpLoadFile/20201218/e8d38da1-31ef-4d32-8b36-116c4a71a040.jpg]
[www.everblue-industries.com/newsclass_2/newsdetail_1071.html]
[www.everblue-industries.com/UpLoadFile/20201214/c30861e2-b756-45ec-a5a8-22cc2e6fde73.jpg]
[www.everblue-industries.com/UpLoadFile/20201211/5a4e2b38-eb1b-468f-b2e8-822ad16a9ba1.jpg]
[www.everblue-industries.com/newsclass_2/newsdetail_1069.html]
[www.everblue-industries.com/UpLoadFile/20201210/8935cb7a-8449-406b-b9e4-16230b9f9b8e.jpg]
[www.everblue-industries.com/UpLoadFile/20201209/33437a0c-07c6-48ac-bd21-fc81dea5745e.jpg]
[www.everblue-industries.com/UpLoadFile/20201207/504e3d39-ec2e-4baf-b9b5-a0f218b140b7.jpg]
[www.everblue-industries.com/UpLoadFile/20201204/82843188-0823-4e2b-b28d-45bcc5c96af3.jpg]
[www.everblue-industries.com/UpLoadFile/20201203/0c1c67e8-a3b0-4ad7-acb9-c1ee096cd1a0.jpg]
[www.everblue-industries.com/news/news_5.html]
[www.everblue-industries.com/newsclass_2/newsdetail_1064.html]
[www.everblue-industries.com/UpLoadFile/20201203/0d4ede1b-d2e3-4b81-8c54-a88716219c5d.jpg]
[www.everblue-industries.com/newsclass_2/newsdetail_64.html]
[www.everblue-industries.com/UpLoadFile/20201202/ad25933d-dbc2-4fe4-88cf-015dafe2df05.jpg]
[www.everblue-industries.com/UpLoadFile/20201130/1368b2e5-09d0-4392-9222-1a1807c35bfa.jpg]
[www.everblue-industries.com/UpLoadFile/20201127/14033529-2768-4d41-927c-8e848c7820c1.jpg]
[www.everblue-industries.com/newsclass_2/newsdetail_62.html]
[www.everblue-industries.com/UpLoadFile/20201126/b83b64b6-324f-4c90-8406-e0ab0832b721.jpg]
[www.everblue-industries.com/UpLoadFile/20201123/44e5f6bc-d5d8-4cb4-a570-359dfa2469cc.jpg]
[www.everblue-industries.com/newsclass_2/newsdetail_59.html]
[www.everblue-industries.com/UpLoadFile/20201120/9040a66d-c20b-47f5-a061-77197bb2ff81.jpg]
[www.everblue-industries.com/UpLoadFile/20201119/e151ccc5-80d4-477f-ae43-ac7b67d4520e.jpg]
[www.everblue-industries.com/newsclass_2/newsdetail_58.html]
[www.everblue-industries.com/UpLoadFile/20201117/4e11d13b-d7e2-408e-888b-fa8e101c69d3.jpg]
[www.everblue-industries.com/newsclass_2/newsdetail_57.html]
[www.everblue-industries.com/UpLoadFile/20201117/1c9e5325-1b9b-4591-9156-9bb95674e4ce.jpg]
[www.everblue-industries.com/news/news_6.html]
[www.everblue-industries.com/UpLoadFile/20201117/3a4d5f40-9f5b-4123-b042-0db3aef0f58e.jpg]
[www.everblue-industries.com/newsclass_2/newsdetail_55.html]
[www.everblue-industries.com/newsclass_2/newsdetail_56.html]
[www.everblue-industries.com/UpLoadFile/20201113/1f1b4c7b-4119-49fc-b9b1-985262481170.jpg]
[www.everblue-industries.com/newsclass_2/newsdetail_53.html]
[www.everblue-industries.com/UpLoadFile/20201112/4362dbc1-1e34-4982-ad28-c10799d35887.jpg]
[www.everblue-industries.com/UpLoadFile/20201111/35260a9b-f006-4878-a6f5-3e9d2c991dc4.jpg]
[www.everblue-industries.com/newsclass_2/newsdetail_52.html]
[www.everblue-industries.com/UpLoadFile/20201106/a04f2e72-d0cb-4028-b4cc-7df954586b0f.jpg]
[www.everblue-industries.com/UpLoadFile/20201103/53d3590c-39af-496e-99fa-7f54d9a27f48.jpg]
[www.everblue-industries.com/UpLoadFile/20201103/d213864a-a4b9-409f-a82f-cffb6ca7c681.jpg]
[www.everblue-industries.com/UpLoadFile/20201030/7f09f4bb-97c5-4ccf-b49a-ea4148f65d32.jpg]
[www.everblue-industries.com/newsclass_2/newsdetail_48.html]
[www.everblue-industries.com/news/news_7.html]
[www.everblue-industries.com/UpLoadFile/20201023/0ffea7c4-83aa-47e3-9cfc-474ad199d2c7.jpg]
[www.everblue-industries.com/UpLoadFile/20201016/71f6ec2a-e3b0-43be-a4c9-6eced05e27fb.jpg]
[www.everblue-industries.com/newsclass_2/newsdetail_47.html]
[www.everblue-industries.com/UpLoadFile/20201014/6279e564-7a3b-4998-902d-ea54bbebb535.jpg]
[www.everblue-industries.com/UpLoadFile/20201009/bf8a4b5c-a1d7-4a2c-8ce7-9804087bf520.jpg]
[www.everblue-industries.com/UpLoadFile/20200929/cb00a1e2-47c5-4add-a6f0-75ec55b470fe.jpg]
[www.everblue-industries.com/UpLoadFile/20200923/208e3ac6-70fa-4609-9ea0-ccfac1b1824d.jpg]
[www.everblue-industries.com/newsclass_2/newsdetail_42.html]
[www.everblue-industries.com/UpLoadFile/20200916/43843cc1-12e6-4092-81fb-ee80fb343fbe.jpg]
[www.everblue-industries.com/newsclass_2/newsdetail_38.html]
[www.everblue-industries.com/newsclass_2/newsdetail_37.html]
[www.everblue-industries.com/UpLoadFile/20200910/315c1693-02c9-49f6-8b30-b72d8e7ed93f.jpg]
[www.everblue-industries.com/newsclass_2/newsdetail_36.html]
[www.everblue-industries.com/UpLoadFile/20200903/2768ff85-e314-4a7c-ba4d-a124c8d7aef3.jpg]
[www.everblue-industries.com/news/news_8.html]
[www.everblue-industries.com/UpLoadFile/20200828/5e66e03d-48e0-496f-86fa-9462c42ec0a4.jpg]
[www.everblue-industries.com/UpLoadFile/20200826/b7dcc047-308d-43b6-b65e-a1931b6368ff.jpg]
[www.everblue-industries.com/UpLoadFile/20200820/2d2c30b4-bc37-4a54-96ff-e77507c4bf82.jpg]
[www.everblue-industries.com/newsclass_2/newsdetail_31.html]
[www.everblue-industries.com/UpLoadFile/20200820/7e696547-1cf1-435b-b8af-bb9cfdb9ee18.jpg]
[www.everblue-industries.com/UpLoadFile/20200812/0aa77ca5-2cd4-4f62-887a-adbbd328de6d.jpg]
[www.everblue-industries.com/UpLoadFile/20200812/99c710b9-5c00-47ec-8c24-82cfdbe36eca.jpg]
[www.everblue-industries.com/newsclass_2/newsdetail_28.html]
[www.everblue-industries.com/UpLoadFile/20200727/fb7642c4-6f0d-43df-b286-d63e83f5af9e.jpg]
[www.everblue-industries.com/newsclass_2/newsdetail_23.html]
[www.everblue-industries.com/UpLoadFile/20200723/a5775535-2e9b-421f-a63b-222cf241413e.jpg]
[www.everblue-industries.com/newsclass_2/newsdetail_21.html]
[www.everblue-industries.com/UpLoadFile/20200622/9a46a40e-07b7-47d5-8c1e-89388758a74b.jpg]
[www.everblue-industries.com/news/news_9.html]
[www.everblue-industries.com/UpLoadFile/20200628/34e62838-9bf8-4c83-8061-b3e2086ca491.jpg]
[www.everblue-industries.com/UpLoadFile/20200611/2c34e590-745f-41d5-b9a0-7ec326867cd1.jpg]
[www.everblue-industries.com/newsclass_2/newsdetail_20.html]
[www.everblue-industries.com/UpLoadFile/20200609/a811f9ed-0747-4a9f-aeea-6b92661cb5a1.jpg]
[www.everblue-industries.com/news/news_10.html]
[www.everblue-industries.com/newsclass_6/newsdetail_46.html]
[www.everblue-industries.com/UpLoadFile/20200917/a0820f35-22e2-43fa-8969-90cb0fba7892.jpg]
[www.everblue-industries.com/newsclass_6/newsdetail_40.html]
[www.everblue-industries.com/ding_qi_xun_jian/index.html]
[www.everblue-industries.com/qi_che_ling_bu_jian/index.html]
[www.everblue-industries.com/UpLoadFile/20200916/bf8e0c5f-408b-4c58-9473-0925d51c51dc.jpg]
[www.everblue-industries.com/newsclass_6/newsdetail_39.html]
[www.everblue-industries.com/UpLoadFile/20200803/ea657310-d71b-40bd-add1-71d679862b3b.jpg]
[www.everblue-industries.com/UpLoadFile/20200803/f4050d67-e205-4177-9713-3729a4439ec1.jpg]
[www.everblue-industries.com/UpLoadFile/20200803/27e0194b-f060-4f67-bf1c-5b8cedc84e4e.jpg]
[www.everblue-industries.com/UpLoadFile/20200803/c423c8ec-2965-4f2c-a3f3-226e7faa45a4.jpg]
[www.everblue-industries.com/UpLoadFile/20200803/b359de9a-0d32-494f-8c20-d386ce27a69d.jpg]
[www.everblue-industries.com/UpLoadFile/20200803/cb5dc6c6-1207-4836-9eda-8d871d8496fb.jpg]
[www.everblue-industries.com/UpLoadFile/20200803/fd7c910f-ac44-4ccb-9a0b-97f2c95701fe.jpg]
[www.everblue-industries.com/UpLoadFile/20200803/6dbab479-a0d8-42fd-bfc6-7af846b3649b.jpg]
[www.everblue-industries.com/newsclass_6/newsdetail_25.html]
[www.everblue-industries.com/gao_jing_du/index.html]
[www.everblue-industries.com/da_mo/index.html]
[www.everblue-industries.com/UpLoadFile/20211123/1746b930-f61b-4e1b-b6f9-553e5ecfe312.jpg]
[www.everblue-industries.com/newsclass_3/newsdetail_1116.html]
[www.everblue-industries.com/CNC/index.html]
[www.everblue-industries.com/iPad_cai_se_bei_ke/index.html]
[www.everblue-industries.com/UpLoadFile/20211123/e968bb49-bdcb-4269-a207-3b28f0257786.jpg]
[www.everblue-industries.com/shi_pin_jia_gong/index.html]
[www.everblue-industries.com/newsclass_3/newsdetail_1117.html]
[www.everblue-industries.com/yin_shua/index.html]
[www.everblue-industries.com/wen_ju/index.html]
[www.everblue-industries.com/UpLoadFile/20211123/7ce49733-9df6-4d04-945d-9c8dbb1382a7.jpg]
[www.everblue-industries.com/newsclass_3/newsdetail_1118.html]
[www.everblue-industries.com/fu_he_cai_liao/index.html]
[www.everblue-industries.com/UpLoadFile/20210121/9ed05076-8048-4be8-a8d8-dc70c2fb8511.jpg]
[www.everblue-industries.com/UpLoadFile/20210121/b19db013-f65e-450d-8e2e-e6742d36c136.jpg]
[www.everblue-industries.com/newsclass_3/newsdetail_1080.html]
[www.everblue-industries.com/ping_ban_xian_shi/index.html]
[www.everblue-industries.com/UpLoadFile/20230608/a097e422-55fe-4e57-b073-d64ae0946627.jpg]
[www.everblue-industries.com/newsclass_2/newsdetail_1123.html]
[www.everblue-industries.com/yong_ci/index.html]
[www.everblue-industries.com/bian_pin/index.html]
[www.everblue-industries.com/UpLoadFile/20211227/eab93d1d-48de-4def-9e75-4f06facc83ad.jpg]
[www.everblue-industries.com/dian_ji/index.html]
[www.everblue-industries.com/UpLoadFile/20211227/01d6079b-ba7e-4d09-afe6-b5d85acc94c4.jpg]
[www.everblue-industries.com/newsclass_2/newsdetail_1119.html]
[www.everblue-industries.com/mo_ni_shi/index.html]
[www.everblue-industries.com/UpLoadFile/20211111/1ce7f949-dab4-44f0-b819-ccd1c69e795c.jpg]
[www.everblue-industries.com/UpLoadFile/20211111/24c3a0bd-e68d-489f-abd0-c995f0ee8806.jpg]
[www.everblue-industries.com/newsclass_2/newsdetail_1109.html]
[www.everblue-industries.com/UpLoadFile/20210819/f89f1e84-2e5b-4aaa-86ba-424342a3794a.jpg]
[www.everblue-industries.com/UpLoadFile/20210819/cec8f4c7-5106-4a81-9752-4b635cb97dfb.jpg]
[www.everblue-industries.com/UpLoadFile/20210819/fd310063-8e8b-45c0-9bd6-971943598d5e.jpg]
[www.everblue-industries.com/newsclass_2/newsdetail_1097.html]
[www.everblue-industries.com/EVS_450_750/index.html]
[www.everblue-industries.com/UpLoadFile/20210811/1fa8cb88-7732-4578-81af-d5f11e38ddfc.jpg]
[www.everblue-industries.com/yong_ci_bian_pin/index.html]
[www.everblue-industries.com/UpLoadFile/20210811/a8ec5823-62bf-4dc9-adf6-3fe58ebf6a56.jpg]
[www.everblue-industries.com/UpLoadFile/20210811/5b75e8e6-24a2-4897-8891-9f616561319f.jpg]
[www.everblue-industries.com/newsclass_2/newsdetail_1096.html]
[www.everblue-industries.com/zhen_kong_leng_que_gan_zao/index.html]
[www.everblue-industries.com/UpLoadFile/20210708/774e98f5-de6d-40d0-afae-c108f8044df7.jpg]
[www.everblue-industries.com/zhi_yao_xing_ye/index.html]
[www.everblue-industries.com/UpLoadFile/20210708/18f04c54-cba3-4445-93a7-34338e421cc9.jpg]
[www.everblue-industries.com/newsclass_2/newsdetail_1095.html]
[www.everblue-industries.com/zhong_yang_zhen_kong/index.html]
[www.everblue-industries.com/yi_liao_xi_tong/index.html]
[www.everblue-industries.com/UpLoadFile/20210616/d1b0e029-d9f7-4c3f-ad59-7595de672b6a.jpg]
[www.everblue-industries.com/UpLoadFile/20210616/751e0b9d-fb8a-4d77-bfdf-2171b800bdd7.jpg]
[www.everblue-industries.com/newsclass_2/newsdetail_1094.html]
[www.everblue-industries.com/hong_bei_shi_pin/index.html]
[www.everblue-industries.com/zhen_kong_leng_que/index.html]
[www.everblue-industries.com/newsclass_2/newsclass_2_2.html]
[www.everblue-industries.com/newsclass_2/newsclass_2_3.html]
[www.everblue-industries.com/newsclass_2/newsclass_2_4.html]
[www.everblue-industries.com/newsclass_2/newsclass_2_5.html]
[www.everblue-industries.com/newsclass_2/newsclass_2_6.html]
[www.everblue-industries.com/newsclass_2/newsclass_2_7.html]
[www.everblue-industries.com/newsclass_2/newsclass_2_8.html]
[www.everblue-industries.com/huan_jing_guan_li_ti_xi/index.html]
[www.everblue-industries.com/zhi_ye_jian_kang_an_quan_guan_li_ti_xi/index.html]
[www.everblue-industries.com/ren_zheng/index.html]
[www.everblue-industries.com/newsclass_6/newsdetail_1113.html]
[www.everblue-industries.com/newsclass_6/newsdetail_1112.html]
[www.everblue-industries.com/newsclass_6/newsdetail_1114.html]
[www.everblue-industries.com/newsclass_6/newsdetail_1115.html]
[www.everblue-industries.com/newsclass_6/newsdetail_1116.html]
[www.everblue-industries.com/newsclass_6/newsdetail_1117.html]
[www.everblue-industries.com/newsclass_6/newsdetail_1118.html]
[www.everblue-industries.com/hao_qing_qi_ti_zhuang_bei/index.html]
[www.everblue-industries.com/hao_qing_qi_ti_zhuang_bei/hao_qing_qi_ti_zhuang_bei_2.html]
[www.everblue-industries.com/UpLoadFile/20201209/607bddd6-9e76-4bf0-b127-dc3d3d77f5e7.jpg]
[www.everblue-industries.com/UpLoadFile/20201209/7db03d77-116b-4dd3-a57c-8ea4ae18ffa7.jpg]
[www.everblue-industries.com/hao_qing_qi_ti_zhuang_bei/hao_qing_qi_ti_zhuang_bei_3.html]
[www.everblue-industries.com/UpLoadFile/20201209/4e161883-7fc5-4a19-8d99-a81dfee3e756.jpg]
[www.everblue-industries.com/UpLoadFile/20201209/8046f321-b0cc-4e62-9482-07731c3dc260.jpg]
[www.everblue-industries.com/UpLoadFile/20201209/1056b91d-1c3b-46cf-b15b-d9fec0eb1423.jpg]
[www.everblue-industries.com/newsclass_2/newsdetail_1067.html]
[www.everblue-industries.com/feng_wo_xin_ban/index.html]
[www.everblue-industries.com/UpLoadFile/20200628/9f0651e9-2e8a-45bb-89c4-3882b0e457f0.jpg]
[www.everblue-industries.com/UpLoadFile/20200628/4b7426b4-5dcc-4ef3-ae73-9697a32f5271.jpg]
[www.everblue-industries.com/UpLoadFile/20200628/12194239-6ff1-4d46-9211-7f1145c328b3.jpg]
[www.everblue-industries.com/UpLoadFile/20200628/85a34960-c6b0-4cbc-96a5-c03cd1259717.jpg]
[www.everblue-industries.com/newsclass_2/newsdetail_22.html]
[www.everblue-industries.com/hao_qing_qi_ti_zhuang_bei_ji_shu_ï¼_jiang_su_ï¼_you_xian_gong_si/index.html]
[www.everblue-industries.com/UpLoadFile/20200812/0e19b9eb-5f89-4487-be60-9c37fc787b1f.jpg]
[www.everblue-industries.com/2020_nian/index.html]
[www.everblue-industries.com/newsclass_2/newsdetail_29.html]
[www.everblue-industries.com/duan_wu/index.html]
[www.everblue-industries.com/ji_xiang/index.html]
[www.everblue-industries.com/an_kang/index.html]
[www.everblue-industries.com/UpLoadFile/20201210/e3d7a4a5-4b7a-4257-9bb2-880bdbeb4d08.jpg]
[www.everblue-industries.com/zhen_kong/index.html]
[www.everblue-industries.com/UpLoadFile/20201210/438170d1-b232-46af-b179-9d52722191db.jpg]
[www.everblue-industries.com/dian_zhen_kong/index.html]
[www.everblue-industries.com/UpLoadFile/20201210/f571485b-211b-48d9-aa7a-8c9b72a96b48.jpg]
[www.everblue-industries.com/newsclass_2/newsdetail_1068.html]
[www.everblue-industries.com/UpLoadFile/20201221/92c5596c-ea0b-4d3e-bebd-fa79195f2421.jpg]
[www.everblue-industries.com/qi_jian/index.html]
[www.everblue-industries.com/UpLoadFile/20201221/4ea51f67-9387-40fb-9b1a-a1a3d0055495.jpg]
[www.everblue-industries.com/deng_li_zi_pen_tu/index.html]
[www.everblue-industries.com/newsclass_2/newsdetail_1072.html]
[www.everblue-industries.com/UpLoadFile/20210323/e7ac111d-9a77-47d3-9afe-1c9a869cfa1f.jpg]
[www.everblue-industries.com/gun_dong_bao_zhuang_ji/index.html]
[www.everblue-industries.com/UpLoadFile/20210323/de03027f-1486-4f45-84ba-986159f0bf35.jpg]
[www.everblue-industries.com/UpLoadFile/20210323/eb27751c-4834-489f-8460-ef62e93fde6e.jpg]
[www.everblue-industries.com/UpLoadFile/20210323/cf906c43-9967-48cd-a0c0-f12fec7901bc.jpg]
[www.everblue-industries.com/newsclass_2/newsdetail_1089.html]
[www.everblue-industries.com/yi_ji_du/index.html]
[www.everblue-industries.com/UpLoadFile/20200820/8481e0a2-434b-4df7-8a35-f99074121131.jpg]
[www.everblue-industries.com/sheng_ri_hui/index.html]
[www.everblue-industries.com/UpLoadFile/20200820/42f3c151-1b41-4b51-8bbd-2b3154f8a996.jpg]
[www.everblue-industries.com/UpLoadFile/20200820/efde2141-c38e-4060-b423-ee2afb8b18e8.jpg]
[www.everblue-industries.com/newsclass_2/newsdetail_30.html]
[www.everblue-industries.com/du_mo_gong_ye/index.html]
[www.everblue-industries.com/ying_yong/index.html]
[www.everblue-industries.com/UpLoadFile/20200828/65a71759-48c7-4a76-84d7-7b5a5e86b2b9.jpg]
[www.everblue-industries.com/UpLoadFile/20200828/ef623d8b-93c9-44c0-96b2-8147d430ad47.jpg]
[www.everblue-industries.com/UpLoadFile/20200828/b8bb7d0b-9027-4a4b-abaa-cd590633879b.jpg]
[www.everblue-industries.com/UpLoadFile/20200828/42ba152d-fdbe-4114-80e3-90963a942224.jpg]
[www.everblue-industries.com/newsclass_2/newsdetail_33.html]
[www.everblue-industries.com/ji_cheng_dian_lu/index.html]
[www.everblue-industries.com/wei_xin_pian/index.html]
[www.everblue-industries.com/luo_gan_zhen_kong_beng/luo_gan_zhen_kong_beng_2.html]
[www.everblue-industries.com/luo_gan_zhen_kong_beng/index.html]
[www.everblue-industries.com/han_tai_lun_tai/index.html]
[www.everblue-industries.com/UpLoadFile/20210217/8d2518c7-90ba-4896-8bf1-29270ebe6df3.jpg]
[www.everblue-industries.com/UpLoadFile/20210217/a1883969-5419-46c9-a7f5-febf6aed6b63.jpg]
[www.everblue-industries.com/newsclass_2/newsdetail_1085.html]
[www.everblue-industries.com/di_xia_shui/index.html]
[www.everblue-industries.com/jian_zhu_ji_keng/index.html]
[www.everblue-industries.com/UpLoadFile/20210224/5eaaae07-383e-4f59-adc4-54c3948a74a0.jpg]
[www.everblue-industries.com/UpLoadFile/20210224/87fccc9c-f214-4cae-abfe-60f864ca8cdc.jpg]
[www.everblue-industries.com/newsclass_2/newsdetail_1086.html]
[www.everblue-industries.com/fu_ya_xi_fu/index.html]
[www.everblue-industries.com/shu_guo_cai_zhai/index.html]
[www.everblue-industries.com/UpLoadFile/20201130/266741c9-911a-47ef-8289-6b51d91a0025.jpg]
[www.everblue-industries.com/UpLoadFile/20201130/f98932cf-e2d0-4ee4-8486-813953a1ca4c.jpg]
[www.everblue-industries.com/UpLoadFile/20201130/f27b784e-b136-46c1-81bf-47ae6126c119.jpg]
[www.everblue-industries.com/UpLoadFile/20201130/320ec4a1-4f71-4a2e-bfbc-addeb3550416.jpg]
[www.everblue-industries.com/newsclass_2/newsdetail_63.html]
[www.everblue-industries.com/shi_guang_xue/index.html]
[www.everblue-industries.com/UpLoadFile/20201203/5130e19e-29bc-493b-b2da-b923264be399.jpg]
[www.everblue-industries.com/jing_mi_tu_ceng/index.html]
[www.everblue-industries.com/UpLoadFile/20201203/9ac30981-01a3-4b86-9f94-a7a20f7f3168.jpg]
[www.everblue-industries.com/UpLoadFile/20201203/2a3c2952-45e4-4460-bfeb-22c809501720.jpg]
[www.everblue-industries.com/newsclass_2/newsdetail_1063.html]
[www.everblue-industries.com/an_quan_wen_ti/index.html]
[www.everblue-industries.com/UpLoadFile/20200923/2775cd19-6fee-4134-816a-5b17e6df4ca6.jpg]
[www.everblue-industries.com/UpLoadFile/20200923/04ac4a95-9e94-46cc-ab96-49afb0740f79.jpg]
[www.everblue-industries.com/UpLoadFile/20200923/28524e2f-0440-4339-8663-cad2fe488235.jpg]
[www.everblue-industries.com/newsclass_2/newsdetail_41.html]
[www.everblue-industries.com/huan_bao/index.html]
[www.everblue-industries.com/gao_xin_ji_shu_qi_ye/index.html]
[www.everblue-industries.com/jing_xi_hua/index.html]
[www.everblue-industries.com/newsclass_2/newsdetail_13.html]
[www.everblue-industries.com/ge_xing_hua/index.html]
[www.everblue-industries.com/xing_ye_fa_zhan/index.html]
[www.everblue-industries.com/zhen_kong_leng_dong/index.html]
[www.everblue-industries.com/UpLoadFile/20201229/c7c4ad6f-8a75-4098-93ca-2763fde4484b.jpg]
[www.everblue-industries.com/UpLoadFile/20201229/4f865f94-e434-48df-9d23-bbf41ddacdbe.jpg]
[www.everblue-industries.com/gan_zao_ji/index.html]
[www.everblue-industries.com/UpLoadFile/20201229/0bd38c58-7b0e-46d3-9490-94851106b001.jpg]
[www.everblue-industries.com/fa_zhan_jie_duan/index.html]
[www.everblue-industries.com/UpLoadFile/20201229/e1c62e2c-127b-46c0-bf8d-68e91e00410a.jpg]
[www.everblue-industries.com/newsclass_2/newsdetail_1075.html]
[www.everblue-industries.com/dian_li_wang/index.html]
[www.everblue-industries.com/UpLoadFile/20201214/0a987c01-4a74-4317-baaa-96627f43cbc3.jpg]
[www.everblue-industries.com/UpLoadFile/20201214/cb4df6cd-2a28-4b8b-a29d-6175d850ac5b.jpg]
[www.everblue-industries.com/UpLoadFile/20201214/6e64872d-10a5-492a-8a33-4902176b08d5.jpg]
[www.everblue-industries.com/newsclass_2/newsdetail_1070.html]
[www.everblue-industries.com/xian_dai_mo_fan/index.html]
[www.everblue-industries.com/UpLoadFile/20201126/53bcc111-0977-4f34-9239-b0eb7af1dd08.jpg]
[www.everblue-industries.com/UpLoadFile/20201126/90b1ae86-df6d-4477-92c2-1d896fc5984a.jpg]
[www.everblue-industries.com/UpLoadFile/20201126/6c8748f0-e99b-4a91-93ac-f5ad25145b7a.jpg]
[www.everblue-industries.com/UpLoadFile/20201126/c572bffd-046d-4e6e-abe7-8ba120c4c186.jpg]
[www.everblue-industries.com/newsclass_2/newsdetail_61.html]
[www.everblue-industries.com/juan_yan_chang/index.html]
[www.everblue-industries.com/tai_yang_neng/index.html]
[www.everblue-industries.com/fa_dian/index.html]
[www.everblue-industries.com/zhen_kong_beng/zhen_kong_beng_2.html]
[www.everblue-industries.com/zhen_kong_beng/zhen_kong_beng_3.html]
[www.everblue-industries.com/zhen_kong_beng/zhen_kong_beng_4.html]
[www.everblue-industries.com/zhen_kong_beng/index.html]
[www.everblue-industries.com/hai_wai_shi_chang/index.html]
[www.everblue-industries.com/newsclass_3/newsdetail_40.html]
[www.everblue-industries.com/mu_qi_jia_gong/index.html]
[www.everblue-industries.com/mu_gong_kai_liao_ji/index.html]
[www.everblue-industries.com/newsclass_3/newsdetail_39.html]
[www.everblue-industries.com/newsclass_3/newsdetail_1122.html]
[www.everblue-industries.com/newsclass_3/newsdetail_1120.html]
[www.everblue-industries.com/newsclass_3/newsdetail_25.html]
[www.everblue-industries.com/zhen_kong_beng/zhen_kong_beng_5.html]
[www.everblue-industries.com/UpLoadFile/20201106/aefd19e7-23f7-4df1-97c5-fd84b56fc0bb.jpg]
[www.everblue-industries.com/zhen_kong_beng/zhen_kong_beng_7.html]
[www.everblue-industries.com/UpLoadFile/20201106/b4934bd2-ddf6-4d16-a9e9-c8449c966e43.jpg]
[www.everblue-industries.com/zhen_kong_beng/zhen_kong_beng_6.html]
[www.everblue-industries.com/UpLoadFile/20201106/63db013d-42ae-40fb-917f-3700ba110e13.jpg]
[www.everblue-industries.com/newsclass_2/newsdetail_51.html]
[www.everblue-industries.com/zhen_kong_ji_shu/index.html]
[www.everblue-industries.com/jin_zhu_fen_mo/index.html]
[www.everblue-industries.com/UpLoadFile/20201103/09d207a0-4df1-449c-bf7f-dc8e33aec7cb.jpg]
[www.everblue-industries.com/3D_da_yin/index.html]
[www.everblue-industries.com/UpLoadFile/20201103/42d4345b-85d7-4845-b67f-7be01520f657.jpg]
[www.everblue-industries.com/newsclass_2/newsdetail_49.html]
[www.everblue-industries.com/hao_qing/index.html]
[www.everblue-industries.com/zhong_yang_zhen_kong_xi_tong/index.html]
[www.everblue-industries.com/zhuan_zi_ye_pian/index.html]
[www.everblue-industries.com/sheng_chan_jie_neng/index.html]
[www.everblue-industries.com/UpLoadFile/20200826/5a3c5ac2-1a31-42e8-8cc5-472a3baf0d54.jpg]
[www.everblue-industries.com/UpLoadFile/20200826/e5a56cbd-6ed5-4b43-89eb-3639a59b7c7f.jpg]
[www.everblue-industries.com/UpLoadFile/20200826/801468c3-1953-4b44-b008-981af465c011.jpg]
[www.everblue-industries.com/newsclass_2/newsdetail_32.html]
[www.everblue-industries.com/UpLoadFile/20201123/c5803153-9cc4-44e9-8ef7-4c6bf1b13a02.jpg]
[www.everblue-industries.com/UpLoadFile/20201123/8af521d6-f90d-49e0-9d51-7e821102a5e0.jpg]
[www.everblue-industries.com/re_zhang_leng_suo/index.html]
[www.everblue-industries.com/UpLoadFile/20201123/3605dd34-a1e6-4c25-8e6e-69e46efe22bf.jpg]
[www.everblue-industries.com/newsclass_2/newsdetail_60.html]
[www.everblue-industries.com/zhi_dai_sheng_chan/index.html]
[www.everblue-industries.com/UpLoadFile/20210126/09ba4015-fb21-4ba9-9279-2ff8ac5e9afa.jpg]
[www.everblue-industries.com/jie_yue_neng_hao/index.html]
[www.everblue-industries.com/UpLoadFile/20210208/1d65d9ee-7f38-4286-8478-a7779b6f6f12.jpg]
[www.everblue-industries.com/newsclass_2/newsdetail_1081.html]
[www.everblue-industries.com/hai_shui_dan_hua/index.html]
[www.everblue-industries.com/yong_shui_liang/index.html]
[www.everblue-industries.com/UpLoadFile/20201016/a5b23469-da35-4a03-9aaf-3e4d2c826eef.jpg]
[www.everblue-industries.com/UpLoadFile/20201016/a150b08a-075b-42b3-aaa8-669a063651e8.jpg]
[www.everblue-industries.com/UpLoadFile/20201016/cee93d6d-a8c3-43ee-88f7-c15884595bde.jpg]
[www.everblue-industries.com/UpLoadFile/20201016/bd4a6f27-5e80-4013-a467-b0ca1d4e7fef.jpg]
[www.everblue-industries.com/newsclass_2/newsdetail_45.html]
[www.everblue-industries.com/li_dian_chi/index.html]
[www.everblue-industries.com/zhi_zao_gong_yi/index.html]
[www.everblue-industries.com/UpLoadFile/20201009/fc38c690-3e76-4d0d-8f24-59b3027b0c7b.jpg]
[www.everblue-industries.com/UpLoadFile/20201009/45d78053-f599-485e-9926-17f65ad9a86d.jpg]
[www.everblue-industries.com/UpLoadFile/20201009/29bc3734-f09b-4c05-93fc-37f725f360a5.jpg]
[www.everblue-industries.com/UpLoadFile/20201009/3417af4d-242a-4f5b-95f6-9971099511a2.jpg]
[www.everblue-industries.com/newsclass_2/newsdetail_43.html]
[www.everblue-industries.com/gao_kong_huan_jing_mo_ni/index.html]
[www.everblue-industries.com/fang_zhen_ce_shi/index.html]
[www.everblue-industries.com/UpLoadFile/20201207/85167966-ea7e-4474-96b2-f25c0f4e8f26.jpg]
[www.everblue-industries.com/zhong_xin_xi_yin_xi_tong/index.html]
[www.everblue-industries.com/UpLoadFile/20201207/27b2e02e-fa37-4dd0-bd5a-a3f84f0469f3.jpg]
[www.everblue-industries.com/UpLoadFile/20201207/03e91696-17e5-4c46-ad39-802088973c51.jpg]
[www.everblue-industries.com/newsclass_2/newsdetail_1066.html]
[www.everblue-industries.com/zhen_kong_jian_she/index.html]
[www.everblue-industries.com/UpLoadFile/20200727/cfa27e5b-9432-4d00-8b0d-f6e2cbcba497.jpg]
[www.everblue-industries.com/jian_zhu_bo_li/index.html]
[www.everblue-industries.com/UpLoadFile/20200727/8d5eb673-12e9-4bae-9f16-170384a720fa.jpg]
[www.everblue-industries.com/UpLoadFile/20200727/e31bb405-bc08-4082-802c-45e1ec97348e.jpg]
[www.everblue-industries.com/newsclass_2/newsdetail_24.html]
[www.everblue-industries.com/80_yi_yuan/index.html]
[www.everblue-industries.com/qian_jing_fen_xi/index.html]
[www.everblue-industries.com/UpLoadFile/20201113/50c2820d-f076-4751-8f3c-889f78455279.jpg]
[www.everblue-industries.com/UpLoadFile/20201113/2b221e24-0d06-4f43-b400-e2bd89a94728.jpg]
[www.everblue-industries.com/UpLoadFile/20201113/ca290cfa-06bd-41f5-afb7-c643a92f4c92.jpg]
[www.everblue-industries.com/UpLoadFile/20201113/8537ac35-feef-4d69-b569-6c97d37dda15.jpg]
[www.everblue-industries.com/newsclass_2/newsdetail_54.html]
[www.everblue-industries.com/zhen_kong_xi_tong/index.html]
[www.everblue-industries.com/ya_zhu/index.html]
[www.everblue-industries.com/UpLoadFile/20201204/4aca9be1-8f8b-476e-a810-37e7849c8b92.jpg]
[www.everblue-industries.com/UpLoadFile/20201204/362f6880-1411-43af-b7ce-f4836aa8ba0f.jpg]
[www.everblue-industries.com/UpLoadFile/20201204/1c86b982-ad92-4585-a4c0-aba076294201.jpg]
[www.everblue-industries.com/newsclass_2/newsdetail_1065.html]
[www.everblue-industries.com/zhen_kong_jin_zi/index.html]
[www.everblue-industries.com/yan_cao_gong_ye/index.html]
[www.everblue-industries.com/mi_feng_zhu_jian/index.html]
[www.everblue-industries.com/ke_hu_an_li/index.html]
[www.everblue-industries.com/dian_zi/index.html]
[www.everblue-industries.com/ban_dao_ti/index.html]
[www.everblue-industries.com/UpLoadFile/20211123/7c7ba5cf-327e-405e-9249-7897fb52927d.jpg]
[www.everblue-industries.com/gao_ya_xian_quan/index.html]
[www.everblue-industries.com/jing_mi_jia_gong/index.html]
[www.everblue-industries.com/UpLoadFile/20211123/0f672dae-4fb1-48fd-8e91-ac47af885eb0.jpg]
[www.everblue-industries.com/UpLoadFile/20211123/59ea99e9-5c80-4477-973c-b3b334f618ba.jpg]
[www.everblue-industries.com/mu_gong_jia_ju/index.html]
[www.everblue-industries.com/UpLoadFile/20210602/cdee41da-c4e7-4c13-8f50-82876ef490e9.jpg]
[www.everblue-industries.com/UpLoadFile/20210602/b139cb02-d801-4037-8f58-42b7108eb944.jpg]
[www.everblue-industries.com/UpLoadFile/20210602/cacf8f67-c0b6-439c-9344-61649b71734d.jpg]
[www.everblue-industries.com/newsclass_2/newsdetail_1093.html]
[www.everblue-industries.com/zhen_kong_zhan/index.html]
[www.everblue-industries.com/UpLoadFile/20210513/29dd3a59-edf0-4c78-adaa-ea6a5cd2b6bb.jpg]
[www.everblue-industries.com/guo_jia_hui_yi_zhong_xin/index.html]
[www.everblue-industries.com/UpLoadFile/20210513/4dee71b1-45e6-46ae-b6b2-47945d43311f.jpg]
[www.everblue-industries.com/newsclass_2/newsdetail_1092.html]
[www.everblue-industries.com/zhen_kong_qian_han/index.html]
[www.everblue-industries.com/UpLoadFile/20210414/69886199-7fec-4c60-87aa-38d528f95d63.jpg]
[www.everblue-industries.com/UpLoadFile/20210414/470c2527-e823-4089-8717-b2e8ec161d06.jpg]
[www.everblue-industries.com/UpLoadFile/20210414/da4dbfc7-8b4c-49df-8cf8-c618a2719fd5.jpg]
[www.everblue-industries.com/newsclass_2/newsdetail_1091.html]
[www.everblue-industries.com/zao_zhi_xing_ye/index.html]
[www.everblue-industries.com/UpLoadFile/20210402/fb1f2f53-d6af-4622-8728-53e0921e839a.jpg]
[www.everblue-industries.com/newsclass_2/newsdetail_1090.shtml]
[www.everblue-industries.com/UpLoadFile/20210323/d94c8e82-85f5-45d5-acf8-9ef07f2b43c9.jpg]
[www.everblue-industries.com/UpLoadFile/20210312/73d32d10-f9d8-4306-a204-06e7c2a7c17f.jpg]
[www.everblue-industries.com/newsclass_2/newsdetail_1088.shtml]
[www.everblue-industries.com/newsclass_2/newsdetail_1087.shtml]
[www.everblue-industries.com/UpLoadFile/20210304/5f2a7d50-dff7-4a56-bc52-121f1f42c1bd.jpg]
[www.everblue-industries.com/UpLoadFile/20210224/8de13279-c267-4649-a4bb-afa77a6cc89d.jpg]
[www.everblue-industries.com/UpLoadFile/20210217/e5a77d46-e6a2-4c15-8149-ca253194a923.jpg]
[www.everblue-industries.com/UpLoadFile/20210208/b2899425-d1b7-4a7b-8895-45e1f950c42c.jpg]
[www.everblue-industries.com/newsclass_2/newsdetail_1084.shtml]
[www.everblue-industries.com/newsclass_2/newsdetail_1083.shtml]
[www.everblue-industries.com/UpLoadFile/20210129/6a7c3139-85be-4f16-ad05-0f55d3059237.jpg]
[www.everblue-industries.com/UpLoadFile/20210129/fdaecac9-b634-4539-8395-c6867bb279c8.jpg]
[www.everblue-industries.com/UpLoadFile/20210129/123cd7dd-4527-4357-8b73-db5d1fa9109f.jpg]
[www.everblue-industries.com/newsclass_2/newsdetail_1082.html]
[www.everblue-industries.com/fei_qi_wu_chu_li/index.html]
[www.everblue-industries.com/UpLoadFile/20210119/169055c1-bb49-425e-9bd7-28fb051d2c4d.jpg]
[www.everblue-industries.com/newsclass_2/newsdetail_1079.html]
[www.everblue-industries.com/UpLoadFile/20210113/b29cfdf1-c0f9-4442-9a4e-0b4901f0ed9d.jpg]
[www.everblue-industries.com/UpLoadFile/20210113/cdb2771a-6afe-436d-96d4-3312b07fc2d3.jpg]
[www.everblue-industries.com/UpLoadFile/20210113/0e0af028-5e12-45de-96bd-8b4492e60310.jpg]
[www.everblue-industries.com/newsclass_2/newsdetail_1078.html]
[www.everblue-industries.com/deng_li_zi_ti_mie_jun/index.html]
[www.everblue-industries.com/UpLoadFile/20210111/0d06ec93-6274-4829-afb6-9e44983068d0.jpg]
[www.everblue-industries.com/yi_yuan/index.html]
[www.everblue-industries.com/newsclass_2/newsdetail_1077.html]
[www.everblue-industries.com/you_lun/index.html]
[www.everblue-industries.com/UpLoadFile/20210105/40835c28-dce5-4ef8-9aa5-6cc807755d2e.jpg]
[www.everblue-industries.com/UpLoadFile/20210105/bb4bbce2-f2a5-40c0-a52e-bf4d9bd514ba.jpg]
[www.everblue-industries.com/UpLoadFile/20210105/81b6d8d3-771c-49eb-873c-7e7b36b786e1.jpg]
[www.everblue-industries.com/UpLoadFile/20210105/212b05f6-a5c7-4d94-883f-a63aaa57f487.jpg]
[www.everblue-industries.com/newsclass_2/newsdetail_1076.html]
[www.everblue-industries.com/zhi_liang_dan_wei/index.html]
[www.everblue-industries.com/quan_xin_ding_yi/index.html]
[www.everblue-industries.com/UpLoadFile/20201224/26ff971d-8b0a-457e-aed1-b60b513abfe0.jpg]
[www.everblue-industries.com/UpLoadFile/20201224/bf77c392-ce30-4f83-8100-add8fa44d71f.jpg]
[www.everblue-industries.com/UpLoadFile/20201224/6639a8c8-5bab-4d30-a1ac-aa95419ad271.jpg]
[www.everblue-industries.com/newsclass_2/newsdetail_1074.html]
[www.everblue-industries.com/gao_kong_mo_ni/index.html]
[www.everblue-industries.com/UpLoadFile/20201223/2bc42843-ba5a-4b05-8d2f-048b77fc541e.jpg]
[www.everblue-industries.com/hang_tian_fu/index.html]
[www.everblue-industries.com/UpLoadFile/20201223/f941ee6a-ea34-4522-941b-5c415ba6fdb6.jpg]
[www.everblue-industries.com/newsclass_2/newsdetail_1073.html]
[www.everblue-industries.com/jian_zhu_wu/index.html]
[www.everblue-industries.com/ge_re_bao_wen/index.html]
[www.everblue-industries.com/UpLoadFile/20201223/ff3f02b1-3b3b-4ecf-b66a-a91f6603e3d7.jpg]
[www.everblue-industries.com/UpLoadFile/20201223/fc13fcfa-eb46-41cc-83e9-dd71773cd0d4.jpg]
[www.everblue-industries.com/UpLoadFile/20201223/1ef4fbb5-eb89-45c6-bb48-990dbd3914c3.jpg]
[www.everblue-industries.com/UpLoadFile/20201223/31050117-fae9-4d80-a574-c900e341dc31.jpg]
[www.everblue-industries.com/UpLoadFile/20201223/d65dc27f-3007-4c89-adf0-0d6c43c11927.jpg]
[www.everblue-industries.com/UpLoadFile/20201223/bc0f0b82-25f6-42d5-8054-d11a2ce6e937.jpg]
[www.everblue-industries.com/UpLoadFile/20201223/d5ff6fd3-3fe2-43b2-9145-15c2c6b7978c.jpg]
[www.everblue-industries.com/UpLoadFile/20201223/ba2338a0-cb6f-4848-ba23-eab0de34a348.jpg]
[www.everblue-industries.com/UpLoadFile/20201223/ad6f46ef-60db-4e1a-803a-42702ce2ed79.jpg]
[www.everblue-industries.com/UpLoadFile/20201223/01767c0f-c6c9-4cfa-9d8d-bbc731dbe265.jpg]
[www.everblue-industries.com/UpLoadFile/20201223/72f3ab4e-8f87-4257-afe7-a0c6b69f81d6.jpg]
[www.everblue-industries.com/UpLoadFile/20201223/4d1bb459-885a-4448-bf00-a992dc59e31d.jpg]
[www.everblue-industries.com/newsclass_2/newsdetail_1071.html]
[www.everblue-industries.com/UpLoadFile/20201211/d9dbd636-6c86-4911-8fe3-6ad9477c9d56.jpg]
[www.everblue-industries.com/5G_chan_ye/index.html]
[www.everblue-industries.com/UpLoadFile/20201211/0761c031-cb2c-4cde-93d6-6e94b0b0207b.jpg]
[www.everblue-industries.com/UpLoadFile/20201211/43e844f1-7154-4154-bf72-e5d55e7e28aa.jpg]
[www.everblue-industries.com/UpLoadFile/20201211/62a7bd25-610e-4053-99ae-e5e339f75e9e.jpg]
[www.everblue-industries.com/newsclass_2/newsdetail_1069.html]
[www.everblue-industries.com/lun_tai_fan_xin/index.html]
[www.everblue-industries.com/UpLoadFile/20201203/0da7ee49-c6b1-4561-acb5-c43bf26296cd.jpg]
[www.everblue-industries.com/leng_liu_hua/index.html]
[www.everblue-industries.com/UpLoadFile/20201203/93a9f49f-454e-474a-a5f1-4b8b79867191.jpg]
[www.everblue-industries.com/UpLoadFile/20201203/6ec00724-6e1d-415f-a058-a0231040f699.jpg]
[www.everblue-industries.com/UpLoadFile/20201203/ee1ed036-7ff6-4145-84ce-99e95bf03774.jpg]
[www.everblue-industries.com/newsclass_2/newsdetail_1064.html]
[www.everblue-industries.com/cai_liao_ke_xue/index.html]
[www.everblue-industries.com/UpLoadFile/20201202/88769920-0eff-4dec-91a0-0301340fd4f6.jpg]
[www.everblue-industries.com/na_mi_xian/index.html]
[www.everblue-industries.com/UpLoadFile/20201210/305c0638-0aae-4e90-adb7-ac6bb40a7622.jpg]
[www.everblue-industries.com/UpLoadFile/20201202/8b64f841-8f7c-45ca-938f-a9b238092e54.jpg]
[www.everblue-industries.com/UpLoadFile/20201202/e513bda7-eeef-42be-87d3-52dab4c7e0dc.jpg]
[www.everblue-industries.com/newsclass_2/newsdetail_64.html]
[www.everblue-industries.com/qi_che_xing_ye/index.html]
[www.everblue-industries.com/UpLoadFile/20201127/3f13e155-1e4d-41bb-80d9-8375237a5f58.jpg]
[www.everblue-industries.com/yi_biao_ban/index.html]
[www.everblue-industries.com/UpLoadFile/20201127/818b429f-aa1e-4037-a2f3-48625a3a90ab.jpg]
[www.everblue-industries.com/UpLoadFile/20201127/1dfbf558-ff19-4432-b377-7bc26b04b782.jpg]
[www.everblue-industries.com/newsclass_2/newsdetail_62.html]
[www.everblue-industries.com/UpLoadFile/20201120/97ebcd42-7c77-4b06-bd46-97fba1c236a6.jpg]
[www.everblue-industries.com/UpLoadFile/20201120/2461b76a-c3ec-488e-aaae-2f4a29b634bd.jpg]
[www.everblue-industries.com/UpLoadFile/20201120/57c27555-25cb-49f6-b279-2a061b7fa2eb.jpg]
[www.everblue-industries.com/newsclass_2/newsdetail_59.html]
[www.everblue-industries.com/shi_pin_bao_zhuang/index.html]
[www.everblue-industries.com/UpLoadFile/20201119/719d8730-50af-4c17-be83-8611f8c4b7ab.jpg]
[www.everblue-industries.com/gong_yi/index.html]
[www.everblue-industries.com/UpLoadFile/20201119/daab040c-ec41-421a-9ed8-1549768cf3ec.jpg]
[www.everblue-industries.com/an_quan_xing/index.html]
[www.everblue-industries.com/newsclass_2/newsdetail_58.html]
[www.everblue-industries.com/xiao_lv/index.html]
[www.everblue-industries.com/jie_neng/index.html]
[www.everblue-industries.com/jian_pai/index.html]
[www.everblue-industries.com/UpLoadFile/20201117/7ce6c969-f513-417e-96fc-1a91c44925b7.jpg]
[www.everblue-industries.com/UpLoadFile/20201117/e69ba73a-21dd-4b79-a91e-1263f731a5ca.jpg]
[www.everblue-industries.com/UpLoadFile/20201117/a6caa5a0-8ae6-4ff4-afe2-f06666aefc64.jpg]
[www.everblue-industries.com/UpLoadFile/20201117/c85768fa-6236-4485-994b-9459c71ed151.jpg]
[www.everblue-industries.com/newsclass_2/newsdetail_57.html]
[www.everblue-industries.com/gao_zhen_kong/index.html]
[www.everblue-industries.com/UpLoadFile/20201117/cc6bda60-dc9e-4530-9fa6-f14825ee8942.jpg]
[www.everblue-industries.com/dian_zi_xian_wei_jing/index.html]
[www.everblue-industries.com/na_mi_shi_jie/index.html]
[www.everblue-industries.com/UpLoadFile/20201117/5bfef517-4973-4642-94eb-3725235088c8.jpg]
[www.everblue-industries.com/UpLoadFile/20201117/d098417f-8f47-4832-9ed7-550c86d8fadb.jpg]
[www.everblue-industries.com/UpLoadFile/20201117/daf2225f-69fc-4e8c-8333-ae7236bb9a03.jpg]
[www.everblue-industries.com/UpLoadFile/20201117/f491b796-d1dc-4c02-aca0-641449448011.jpg]
[www.everblue-industries.com/newsclass_2/newsdetail_56.html]
[www.everblue-industries.com/zhen_kong_guan_dao/index.html]
[www.everblue-industries.com/UpLoadFile/20201117/f1724d90-fd22-42f0-b389-da1bb5e19d81.jpg]
[www.everblue-industries.com/chao_ji_gao_tie/index.html]
[www.everblue-industries.com/zai_ren_ce_shi/index.html]
[www.everblue-industries.com/UpLoadFile/20201117/4e86bfde-8253-42f1-b819-64bc1a193530.jpg]
[www.everblue-industries.com/UpLoadFile/20201117/f55ea91d-fbdf-4f8d-9d2f-2b7aced23780.jpg]
[www.everblue-industries.com/newsclass_2/newsdetail_55.html]
[www.everblue-industries.com/huo_che/index.html]
[www.everblue-industries.com/gao_hai_ba/index.html]
[www.everblue-industries.com/UpLoadFile/20201112/da5468f4-3672-4026-be22-4d4b6053828a.jpg]
[www.everblue-industries.com/an_quan_zhi_dong/index.html]
[www.everblue-industries.com/UpLoadFile/20201112/7ad487d2-02ae-41a5-9533-f2bd1361e6a9.jpg]
[www.everblue-industries.com/UpLoadFile/20201112/4fdd8f41-bba8-43a8-a105-e241c681bd57.jpg]
[www.everblue-industries.com/newsclass_2/newsdetail_53.html]
[www.everblue-industries.com/UpLoadFile/20201111/87cad158-9ccb-471b-8b55-91f58bcaa939.jpg]
[www.everblue-industries.com/ren_zao_da_li_shi/index.html]
[www.everblue-industries.com/UpLoadFile/20201111/476f5160-0a79-457c-99f4-6b57479065b4.jpg]
[www.everblue-industries.com/UpLoadFile/20201111/8dd73779-41dd-4928-85e1-0733ef1af73d.jpg]
[www.everblue-industries.com/newsclass_2/newsdetail_52.html]
[www.everblue-industries.com/yi_liao_xing_ye/index.html]
[www.everblue-industries.com/UpLoadFile/20201030/bd9533b3-b5e9-4fc5-aef9-e4a9c65677df.jpg]
[www.everblue-industries.com/xiang_jiao_zu_jian/index.html]
[www.everblue-industries.com/UpLoadFile/20201030/14b0752e-6511-4ae5-bffb-f2d13124b62d.jpg]
[www.everblue-industries.com/newsclass_2/newsdetail_48.html]
[www.everblue-industries.com/zhen_kong_xi_fu_li/index.html]
[www.everblue-industries.com/yu_gu_suan/index.html]
[www.everblue-industries.com/UpLoadFile/20201023/955dafa9-a648-48e2-afe5-758c932916ef.jpg]
[www.everblue-industries.com/shi_ji_chang_jing/index.html]
[www.everblue-industries.com/UpLoadFile/20201023/80c225f3-af3d-4588-9a4d-16c7b501f29b.jpg]
[www.everblue-industries.com/UpLoadFile/20201023/2990523d-9b25-42d4-9fc7-74a0c44bf5b5.jpg]
[www.everblue-industries.com/newsclass_2/newsdetail_47.html]
[www.everblue-industries.com/jing_yuan/index.html]
[www.everblue-industries.com/zhi_zao_cheng_ben/index.html]
[www.everblue-industries.com/UpLoadFile/20200929/346171c3-1135-41c3-bfb7-6bb062c393ac.jpg]
[www.everblue-industries.com/UpLoadFile/20200929/63211981-eddb-4840-b83b-73907b705742.jpg]
[www.everblue-industries.com/UpLoadFile/20200929/dbb5940d-c51b-4e70-96c0-07025d1d7a43.jpg]
[www.everblue-industries.com/newsclass_2/newsdetail_42.html]
[www.everblue-industries.com/UpLoadFile/20200916/0843a6a4-3ffc-450d-8508-1d5107bc1915.jpg]
[www.everblue-industries.com/UpLoadFile/20200916/6d805d2f-a2d7-452e-aa0d-52b608bb8a78.jpg]
[www.everblue-industries.com/UpLoadFile/20200916/c8478ed5-c96b-4fc6-9cf5-b4c747ff3975.pdf]
[www.everblue-industries.com/newsclass_2/newsdetail_38.html]
[www.everblue-industries.com/shang_wu_bu/index.html]
[www.everblue-industries.com/UpLoadFile/20200910/ca4f5d6d-0026-40db-a9d3-60f0fe16da7e.jpg]
[www.everblue-industries.com/ke_ji_bu/index.html]
[www.everblue-industries.com/chao_gao_zhen_kong/index.html]
[www.everblue-industries.com/UpLoadFile/20200910/ce8211af-8725-439b-8abb-bbe7b550155d.jpg]
[www.everblue-industries.com/newsclass_2/newsdetail_37.html]
[www.everblue-industries.com/zhen_kong_shi/index.html]
[www.everblue-industries.com/tai_kong_huan_jing_mo_ni/index.html]
[www.everblue-industries.com/UpLoadFile/20200903/700bb677-d73d-41af-9e82-df658f5bc973.jpg]
[www.everblue-industries.com/UpLoadFile/20200903/1e3f1ed0-0f2c-498e-ab15-f9dcc340cbf0.jpg]
[www.everblue-industries.com/UpLoadFile/20200903/773a7860-b27e-4b44-b65e-213497df8908.jpg]
[www.everblue-industries.com/newsclass_2/newsdetail_36.html]
[www.everblue-industries.com/zhen_kong_tuo_qi/index.html]
[www.everblue-industries.com/UpLoadFile/20200820/a508e4e6-e9f1-41e9-8596-cd209ee7e74b.jpg]
[www.everblue-industries.com/yin_liao/index.html]
[www.everblue-industries.com/UpLoadFile/20200820/60cc8835-82d4-4008-83b1-d96caf7f00e9.jpg]
[www.everblue-industries.com/newsclass_2/newsdetail_31.html]
[www.everblue-industries.com/UpLoadFile/20200812/e5f2f67c-9022-4bde-bcad-8e61abfca463.jpg]
[www.everblue-industries.com/UpLoadFile/20200812/ba4d98fd-14ae-4468-81f9-063a0a8e7f6a.jpg]
[www.everblue-industries.com/UpLoadFile/20200812/ad29822d-50c6-4a32-a39f-8c39c0828125.jpg]
[www.everblue-industries.com/newsclass_2/newsdetail_28.html]
[www.everblue-industries.com/shu_yun/index.html]
[www.everblue-industries.com/qi_diao/index.html]
[www.everblue-industries.com/UpLoadFile/20200723/979c15cc-dafb-4652-9fbf-4eb644b45d3a.jpg]
[www.everblue-industries.com/xi_yin/index.html]
[www.everblue-industries.com/zhen_kong_zao_xing/index.html]
[www.everblue-industries.com/UpLoadFile/20200723/76c1663c-47be-446c-b4c2-4014873c14e5.jpg]
[www.everblue-industries.com/newsclass_2/newsdetail_23.html]
[www.everblue-industries.com/2019_nian/index.html]
[www.everblue-industries.com/newsclass_2/newsdetail_21.html]
[www.everblue-industries.com/tong_yong_ji_xie/index.html]
[www.everblue-industries.com/xing_ye_jing_ji/index.html]
[www.everblue-industries.com/newsclass_2/newsdetail_20.html]
[www.everblue-industries.com/yun_xing/index.html]
[www.everblue-industries.com/ding_qi_xun_jian/index.html]
[www.everblue-industries.com/qi_che_ling_bu_jian/index.html]
[www.everblue-industries.com/qing_kuang/index.html]
[www.everblue-industries.com/guan_wang/index.html]
[www.everblue-industries.com/gao_jing_du/index.html]
[www.everblue-industries.com/shang_xian/index.html]
[www.everblue-industries.com/da_mo/index.html]
[www.everblue-industries.com/iPad_cai_se_bei_ke/index.html]
[www.everblue-industries.com/CNC/index.html]
[www.everblue-industries.com/shi_pin_jia_gong/index.html]
[www.everblue-industries.com/yin_shua/index.html]
[www.everblue-industries.com/wen_ju/index.html]
[www.everblue-industries.com/fu_he_cai_liao/index.html]
[www.everblue-industries.com/ping_ban_xian_shi/index.html]
[www.everblue-industries.com/yong_ci/index.html]
[www.everblue-industries.com/bian_pin/index.html]
[www.everblue-industries.com/dian_ji/index.html]
[www.everblue-industries.com/mo_ni_shi/index.html]
[www.everblue-industries.com/EVS_450_750/index.html]
[www.everblue-industries.com/yong_ci_bian_pin/index.html]
[www.everblue-industries.com/zhen_kong_leng_que_gan_zao/index.html]
[www.everblue-industries.com/zhi_yao_xing_ye/index.html]
[www.everblue-industries.com/zhong_yang_zhen_kong/index.html]
[www.everblue-industries.com/yi_liao_xi_tong/index.html]
[www.everblue-industries.com/hong_bei_shi_pin/index.html]
[www.everblue-industries.com/zhen_kong_leng_que/index.html]
[www.everblue-industries.com/ping_ban_bo_li/index.html]
[www.everblue-industries.com/di_yi_ji_du/index.html]
[www.everblue-industries.com/newsclass_6/newsdetail_1113.html]
[www.everblue-industries.com/newsclass_6/newsdetail_1112.html]
[www.everblue-industries.com/newsclass_6/newsdetail_1114.html]
[www.everblue-industries.com/newsclass_6/newsdetail_1115.html]
[www.everblue-industries.com/newsclass_6/newsdetail_1116.html]
[www.everblue-industries.com/newsclass_6/newsdetail_1117.html]
[www.everblue-industries.com/newsclass_6/newsdetail_1118.html]
[www.everblue-industries.com/hao_qing_qi_ti_zhuang_bei/hao_qing_qi_ti_zhuang_bei_2.html]
[www.everblue-industries.com/hao_qing_qi_ti_zhuang_bei/hao_qing_qi_ti_zhuang_bei_3.html]
[www.everblue-industries.com/feng_wo_xin_ban/index.html]
[www.everblue-industries.com/2020_nian/index.html]
[www.everblue-industries.com/hao_qing_qi_ti_zhuang_bei_ji_shu_ï¼_jiang_su_ï¼_you_xian_gong_si/index.html]
[www.everblue-industries.com/duan_wu/index.html]
[www.everblue-industries.com/ji_xiang/index.html]
[www.everblue-industries.com/an_kang/index.html]
[www.everblue-industries.com/chan_liang/index.html]
[www.everblue-industries.com/newsclass_6/newsdetail_1121.html]
[www.everblue-industries.com/zhen_kong/zhen_kong_3.html]
[www.everblue-industries.com/zhen_kong/zhen_kong_2.html]
[www.everblue-industries.com/zhen_kong/zhen_kong_4.html]
[www.everblue-industries.com/zhen_kong/index.html]
[www.everblue-industries.com/zhen_kong/zhen_kong_5.html]
[www.everblue-industries.com/dian_zhen_kong/index.html]
[www.everblue-industries.com/qi_jian/index.html]
[www.everblue-industries.com/deng_li_zi_pen_tu/index.html]
[www.everblue-industries.com/gun_dong_bao_zhuang_ji/index.html]
[www.everblue-industries.com/yi_ji_du/index.html]
[www.everblue-industries.com/sheng_ri_hui/index.html]
[www.everblue-industries.com/du_mo_gong_ye/index.html]
[www.everblue-industries.com/ying_yong/index.html]
[www.everblue-industries.com/ji_cheng_dian_lu/index.html]
[www.everblue-industries.com/wei_xin_pian/index.html]
[www.everblue-industries.com/luo_gan_zhen_kong_beng/luo_gan_zhen_kong_beng_2.html]
[www.everblue-industries.com/di_xia_shui/index.html]
[www.everblue-industries.com/jian_zhu_ji_keng/index.html]
[www.everblue-industries.com/fu_ya_xi_fu/index.html]
[www.everblue-industries.com/shu_guo_cai_zhai/index.html]
[www.everblue-industries.com/shi_guang_xue/index.html]
[www.everblue-industries.com/jing_mi_tu_ceng/index.html]
[www.everblue-industries.com/an_quan_wen_ti/index.html]
[www.everblue-industries.com/huan_bao/index.html]
[www.everblue-industries.com/jing_xi_hua/index.html]
[www.everblue-industries.com/ge_xing_hua/index.html]
[www.everblue-industries.com/xing_ye_fa_zhan/index.html]
[www.everblue-industries.com/zhen_kong_leng_dong/index.html]
[www.everblue-industries.com/gan_zao_ji/index.html]
[www.everblue-industries.com/fa_zhan_jie_duan/index.html]
[www.everblue-industries.com/dian_li_wang/index.html]
[www.everblue-industries.com/xian_dai_mo_fan/index.html]
[www.everblue-industries.com/tai_yang_neng/index.html]
[www.everblue-industries.com/fa_dian/index.html]
[www.everblue-industries.com/zhen_kong_beng/zhen_kong_beng_2.html]
[www.everblue-industries.com/zhen_kong_beng/zhen_kong_beng_3.html]
[www.everblue-industries.com/zhen_kong_beng/zhen_kong_beng_4.html]
[www.everblue-industries.com/zhen_kong_beng/zhen_kong_beng_5.html]
[www.everblue-industries.com/zhen_kong_beng/zhen_kong_beng_6.html]
[www.everblue-industries.com/zhen_kong_beng/zhen_kong_beng_7.html]
[www.everblue-industries.com/zhen_kong_ji_shu/index.html]
[www.everblue-industries.com/jin_zhu_fen_mo/index.html]
[www.everblue-industries.com/3D_da_yin/index.html]
[www.everblue-industries.com/UpLoadFile/20201103/09d207a0-4df1-449c-bf7f-dc8e33aec7cb.jpg]
[www.everblue-industries.com/zhen_kong/zhen_kong_6.html]
[www.everblue-industries.com/UpLoadFile/20201103/42d4345b-85d7-4845-b67f-7be01520f657.jpg]
[www.everblue-industries.com/zhen_kong/zhen_kong_7.html]
[www.everblue-industries.com/zhen_kong/zhen_kong_8.html]
[www.everblue-industries.com/hao_qing/hao_qing_2.html]
[www.everblue-industries.com/hao_qing/index.html]
[www.everblue-industries.com/UpLoadFile/20200826/5a3c5ac2-1a31-42e8-8cc5-472a3baf0d54.jpg]
[www.everblue-industries.com/hao_qing/hao_qing_3.html]
[www.everblue-industries.com/UpLoadFile/20200826/e5a56cbd-6ed5-4b43-89eb-3639a59b7c7f.jpg]
[www.everblue-industries.com/re_zhang_leng_suo/index.html]
[www.everblue-industries.com/zhi_dai_sheng_chan/index.html]
[www.everblue-industries.com/jie_yue_neng_hao/index.html]
[www.everblue-industries.com/hai_shui_dan_hua/index.html]
[www.everblue-industries.com/yong_shui_liang/index.html]
[www.everblue-industries.com/li_dian_chi/index.html]
[www.everblue-industries.com/zhi_zao_gong_yi/index.html]
[www.everblue-industries.com/zhong_xin_xi_yin_xi_tong/index.html]
[www.everblue-industries.com/zhen_kong_jian_she/index.html]
[www.everblue-industries.com/jian_zhu_bo_li/index.html]
[www.everblue-industries.com/80_yi_yuan/index.html]
[www.everblue-industries.com/qian_jing_fen_xi/index.html]
[www.everblue-industries.com/zhen_kong_xi_tong/index.html]
[www.everblue-industries.com/ya_zhu/index.html]
[www.everblue-industries.com/zhen_kong_jin_zi/index.html]
[www.everblue-industries.com/mi_feng_zhu_jian/index.html]
[www.everblue-industries.com/gao_ya_xian_quan/index.html]
[www.everblue-industries.com/zhen_kong_zhan/index.html]
[www.everblue-industries.com/guo_jia_hui_yi_zhong_xin/index.html]
[www.everblue-industries.com/zhen_kong_qian_han/index.html]
[www.everblue-industries.com/zao_zhi_xing_ye/index.html]
[www.everblue-industries.com/UpLoadFile/20210402/585e6f67-8666-4639-a73a-ada6e6f80635.jpg]
[www.everblue-industries.com/UpLoadFile/20210402/a149554f-4483-4433-bb6c-a2ca7092eaa8.jpg]
[www.everblue-industries.com/newsclass_2/newsdetail_1090.shtml]
[www.everblue-industries.com/bao_zhuang_xing_ye/index.html]
[www.everblue-industries.com/UpLoadFile/20210312/76f7e996-ddfe-4216-87f3-7a686b69cacf.jpg]
[www.everblue-industries.com/UpLoadFile/20210312/b2ce7c0c-416d-4dbc-9772-69f9a10e0d46.jpg]
[www.everblue-industries.com/UpLoadFile/20210312/bccaa07e-fd37-4165-8a26-ca8794d019c3.jpg]
[www.everblue-industries.com/newsclass_2/newsdetail_1088.shtml]
[www.everblue-industries.com/zhen_kong_jia_chi/index.html]
[www.everblue-industries.com/zhen_kong_shu_song/index.html]
[www.everblue-industries.com/UpLoadFile/20210304/615a754d-0571-452d-b264-50b67d10666f.jpg]
[www.everblue-industries.com/UpLoadFile/20210304/e9e2113b-6090-42c9-92ea-0842ec9cf59e.jpg]
[www.everblue-industries.com/UpLoadFile/20210304/39c35418-a4a3-464c-8e87-7cad9da08cdd.jpg]
[www.everblue-industries.com/newsclass_2/newsdetail_1087.shtml]
[www.everblue-industries.com/gu_feng_ji/index.html]
[www.everblue-industries.com/UpLoadFile/20210208/211a3f1b-a3e0-488a-809d-a96e536ce947.jpg]
[www.everblue-industries.com/zao_yin/index.html]
[www.everblue-industries.com/UpLoadFile/20210208/d485b126-cb1b-461c-b327-8c118aa62e40.jpg]
[www.everblue-industries.com/UpLoadFile/20210208/e5252d91-529f-4ef3-a567-f4f6a5d58122.jpg]
[www.everblue-industries.com/newsclass_2/newsdetail_1084.shtml]
[www.everblue-industries.com/chuan_bo_xi_bo/index.html]
[www.everblue-industries.com/UpLoadFile/20210203/11ee6f35-1708-4707-944d-1d6b8d0dcedd.jpg]
[www.everblue-industries.com/UpLoadFile/20210203/7af8a44c-fc00-4fe8-beb3-c0d2c5490b02.jpg]
[www.everblue-industries.com/newsclass_2/newsdetail_1083.shtml]
[www.everblue-industries.com/chan_nai/index.html]
[www.everblue-industries.com/fei_qi_wu_chu_li/index.html]
[www.everblue-industries.com/deng_li_zi_ti_mie_jun/index.html]
[www.everblue-industries.com/yi_yuan/index.html]
[www.everblue-industries.com/you_lun/index.html]
[www.everblue-industries.com/zhi_liang_dan_wei/index.html]
[www.everblue-industries.com/quan_xin_ding_yi/index.html]
[www.everblue-industries.com/gao_kong_mo_ni/index.html]
[www.everblue-industries.com/hang_tian_fu/index.html]
[www.everblue-industries.com/jian_zhu_wu/index.html]
[www.everblue-industries.com/ge_re_bao_wen/index.html]
[www.everblue-industries.com/5G_chan_ye/index.html]
[www.everblue-industries.com/lun_tai_fan_xin/index.html]
[www.everblue-industries.com/leng_liu_hua/index.html]
[www.everblue-industries.com/cai_liao_ke_xue/index.html]
[www.everblue-industries.com/na_mi_xian/index.html]
[www.everblue-industries.com/qi_che_xing_ye/index.html]
[www.everblue-industries.com/yi_biao_ban/index.html]
[www.everblue-industries.com/shi_pin_bao_zhuang/index.html]
[www.everblue-industries.com/gong_yi/index.html]
[www.everblue-industries.com/an_quan_xing/index.html]
[www.everblue-industries.com/xiao_lv/index.html]
[www.everblue-industries.com/jie_neng/index.html]
[www.everblue-industries.com/jian_pai/index.html]
[www.everblue-industries.com/gao_zhen_kong/index.html]
[www.everblue-industries.com/dian_zi_xian_wei_jing/index.html]
[www.everblue-industries.com/na_mi_shi_jie/index.html]
[www.everblue-industries.com/zhen_kong_guan_dao/index.html]
[www.everblue-industries.com/chao_ji_gao_tie/index.html]
[www.everblue-industries.com/zai_ren_ce_shi/index.html]
[www.everblue-industries.com/huo_che/index.html]
[www.everblue-industries.com/gao_hai_ba/index.html]
[www.everblue-industries.com/an_quan_zhi_dong/index.html]
[www.everblue-industries.com/ren_zao_da_li_shi/index.html]
[www.everblue-industries.com/yi_liao_xing_ye/index.html]
[www.everblue-industries.com/xiang_jiao_zu_jian/index.html]
[www.everblue-industries.com/zhen_kong_xi_fu_li/index.html]
[www.everblue-industries.com/yu_gu_suan/index.html]
[www.everblue-industries.com/shi_ji_chang_jing/index.html]
[www.everblue-industries.com/jing_yuan/index.html]
[www.everblue-industries.com/zhi_zao_cheng_ben/index.html]
[www.everblue-industries.com/shang_wu_bu/index.html]
[www.everblue-industries.com/ke_ji_bu/index.html]
[www.everblue-industries.com/chao_gao_zhen_kong/index.html]
[www.everblue-industries.com/zhen_kong_shi/index.html]
[www.everblue-industries.com/tai_kong_huan_jing_mo_ni/index.html]
[www.everblue-industries.com/zhen_kong_tuo_qi/index.html]
[www.everblue-industries.com/yin_liao/index.html]
[www.everblue-industries.com/shu_yun/index.html]
[www.everblue-industries.com/xi_yin/index.html]
[www.everblue-industries.com/qi_diao/index.html]
[www.everblue-industries.com/zhen_kong_zao_xing/index.html]
[www.everblue-industries.com/2019_nian/index.html]
[www.everblue-industries.com/tong_yong_ji_xie/index.html]
[www.everblue-industries.com/xing_ye_jing_ji/index.html]
[www.everblue-industries.com/yun_xing/index.html]
[www.everblue-industries.com/qing_kuang/index.html]
[www.everblue-industries.com/guan_wang/index.html]
[www.everblue-industries.com/shang_xian/index.html]
[www.everblue-industries.com/di_yi_ji_du/index.html]
[www.everblue-industries.com/ping_ban_bo_li/index.html]
[www.everblue-industries.com/chan_liang/index.html]
[www.everblue-industries.com/newsclass_6/newsdetail_1121.html]
[www.everblue-industries.com/zhen_kong/zhen_kong_2.html]
[www.everblue-industries.com/zhen_kong/zhen_kong_3.html]
[www.everblue-industries.com/zhen_kong/zhen_kong_4.html]
[www.everblue-industries.com/zhen_kong/zhen_kong_5.html]
[www.everblue-industries.com/zhen_kong/zhen_kong_6.html]
[www.everblue-industries.com/zhen_kong/zhen_kong_7.html]
[www.everblue-industries.com/zhen_kong/zhen_kong_8.html]
[www.everblue-industries.com/hao_qing/hao_qing_2.html]
[www.everblue-industries.com/hao_qing/hao_qing_3.html]
[www.everblue-industries.com/bao_zhuang_xing_ye/index.html]
[www.everblue-industries.com/zhen_kong_jia_chi/index.html]
[www.everblue-industries.com/zhen_kong_shu_song/index.html]
[www.everblue-industries.com/gu_feng_ji/index.html]
[www.everblue-industries.com/zao_yin/index.html]
[www.everblue-industries.com/chuan_bo_xi_bo/index.html]
[www.everblue-industries.com/chan_nai/index.html]
